Archive member included to satisfy reference by file (symbol)

C:/ST/STM32CubeIDE_1.19.0/STM32CubeIDE/plugins/com.st.stm32cube.ide.mcu.externaltools.gnu-tools-for-stm32.13.3.rel1.win32_1.0.0.202411081344/tools/bin/../lib/gcc/arm-none-eabi/13.3.1/../../../../arm-none-eabi/lib/thumb/v7e-m+fp/hard\libc_nano.a(libc_a-exit.o)
                              C:/ST/STM32CubeIDE_1.19.0/STM32CubeIDE/plugins/com.st.stm32cube.ide.mcu.externaltools.gnu-tools-for-stm32.13.3.rel1.win32_1.0.0.202411081344/tools/bin/../lib/gcc/arm-none-eabi/13.3.1/../../../../arm-none-eabi/lib/thumb/v7e-m+fp/hard/crt0.o (exit)
C:/ST/STM32CubeIDE_1.19.0/STM32CubeIDE/plugins/com.st.stm32cube.ide.mcu.externaltools.gnu-tools-for-stm32.13.3.rel1.win32_1.0.0.202411081344/tools/bin/../lib/gcc/arm-none-eabi/13.3.1/../../../../arm-none-eabi/lib/thumb/v7e-m+fp/hard\libc_nano.a(libc_a-malloc.o)
                              ./CSP/src/csp_sfp.o (malloc)
C:/ST/STM32CubeIDE_1.19.0/STM32CubeIDE/plugins/com.st.stm32cube.ide.mcu.externaltools.gnu-tools-for-stm32.13.3.rel1.win32_1.0.0.202411081344/tools/bin/../lib/gcc/arm-none-eabi/13.3.1/../../../../arm-none-eabi/lib/thumb/v7e-m+fp/hard\libc_nano.a(libc_a-mallocr.o)
                              C:/ST/STM32CubeIDE_1.19.0/STM32CubeIDE/plugins/com.st.stm32cube.ide.mcu.externaltools.gnu-tools-for-stm32.13.3.rel1.win32_1.0.0.202411081344/tools/bin/../lib/gcc/arm-none-eabi/13.3.1/../../../../arm-none-eabi/lib/thumb/v7e-m+fp/hard\libc_nano.a(libc_a-malloc.o) (_malloc_r)
C:/ST/STM32CubeIDE_1.19.0/STM32CubeIDE/plugins/com.st.stm32cube.ide.mcu.externaltools.gnu-tools-for-stm32.13.3.rel1.win32_1.0.0.202411081344/tools/bin/../lib/gcc/arm-none-eabi/13.3.1/../../../../arm-none-eabi/lib/thumb/v7e-m+fp/hard\libc_nano.a(libc_a-mlock.o)
                              C:/ST/STM32CubeIDE_1.19.0/STM32CubeIDE/plugins/com.st.stm32cube.ide.mcu.externaltools.gnu-tools-for-stm32.13.3.rel1.win32_1.0.0.202411081344/tools/bin/../lib/gcc/arm-none-eabi/13.3.1/../../../../arm-none-eabi/lib/thumb/v7e-m+fp/hard\libc_nano.a(libc_a-mallocr.o) (__malloc_lock)
C:/ST/STM32CubeIDE_1.19.0/STM32CubeIDE/plugins/com.st.stm32cube.ide.mcu.externaltools.gnu-tools-for-stm32.13.3.rel1.win32_1.0.0.202411081344/tools/bin/../lib/gcc/arm-none-eabi/13.3.1/../../../../arm-none-eabi/lib/thumb/v7e-m+fp/hard\libc_nano.a(libc_a-nano-vfprintf_float.o)
                              (_printf_float)
C:/ST/STM32CubeIDE_1.19.0/STM32CubeIDE/plugins/com.st.stm32cube.ide.mcu.externaltools.gnu-tools-for-stm32.13.3.rel1.win32_1.0.0.202411081344/tools/bin/../lib/gcc/arm-none-eabi/13.3.1/../../../../arm-none-eabi/lib/thumb/v7e-m+fp/hard\libc_nano.a(libc_a-nano-vfprintf_i.o)
                              C:/ST/STM32CubeIDE_1.19.0/STM32CubeIDE/plugins/com.st.stm32cube.ide.mcu.externaltools.gnu-tools-for-stm32.13.3.rel1.win32_1.0.0.202411081344/tools/bin/../lib/gcc/arm-none-eabi/13.3.1/../../../../arm-none-eabi/lib/thumb/v7e-m+fp/hard\libc_nano.a(libc_a-nano-vfprintf_float.o) (_printf_common)
C:/ST/STM32CubeIDE_1.19.0/STM32CubeIDE/plugins/com.st.stm32cube.ide.mcu.externaltools.gnu-tools-for-stm32.13.3.rel1.win32_1.0.0.202411081344/tools/bin/../lib/gcc/arm-none-eabi/13.3.1/../../../../arm-none-eabi/lib/thumb/v7e-m+fp/hard\libc_nano.a(libc_a-nano-vfscanf_float.o)
                              (_scanf_float)
C:/ST/STM32CubeIDE_1.19.0/STM32CubeIDE/plugins/com.st.stm32cube.ide.mcu.externaltools.gnu-tools-for-stm32.13.3.rel1.win32_1.0.0.202411081344/tools/bin/../lib/gcc/arm-none-eabi/13.3.1/../../../../arm-none-eabi/lib/thumb/v7e-m+fp/hard\libc_nano.a(libc_a-findfp.o)
                              ./Middlewares/Third_Party/FreeRTOS/Source/tasks.o (__sf)
C:/ST/STM32CubeIDE_1.19.0/STM32CubeIDE/plugins/com.st.stm32cube.ide.mcu.externaltools.gnu-tools-for-stm32.13.3.rel1.win32_1.0.0.202411081344/tools/bin/../lib/gcc/arm-none-eabi/13.3.1/../../../../arm-none-eabi/lib/thumb/v7e-m+fp/hard\libc_nano.a(libc_a-fwalk.o)
                              C:/ST/STM32CubeIDE_1.19.0/STM32CubeIDE/plugins/com.st.stm32cube.ide.mcu.externaltools.gnu-tools-for-stm32.13.3.rel1.win32_1.0.0.202411081344/tools/bin/../lib/gcc/arm-none-eabi/13.3.1/../../../../arm-none-eabi/lib/thumb/v7e-m+fp/hard\libc_nano.a(libc_a-findfp.o) (_fwalk_sglue)
C:/ST/STM32CubeIDE_1.19.0/STM32CubeIDE/plugins/com.st.stm32cube.ide.mcu.externaltools.gnu-tools-for-stm32.13.3.rel1.win32_1.0.0.202411081344/tools/bin/../lib/gcc/arm-none-eabi/13.3.1/../../../../arm-none-eabi/lib/thumb/v7e-m+fp/hard\libc_nano.a(libc_a-sprintf.o)
                              ./Tests/test_csp.o (sprintf)
C:/ST/STM32CubeIDE_1.19.0/STM32CubeIDE/plugins/com.st.stm32cube.ide.mcu.externaltools.gnu-tools-for-stm32.13.3.rel1.win32_1.0.0.202411081344/tools/bin/../lib/gcc/arm-none-eabi/13.3.1/../../../../arm-none-eabi/lib/thumb/v7e-m+fp/hard\libc_nano.a(libc_a-stdio.o)
[...]
Memory Configuration

Name             Origin             Length             Attributes
CCMRAM           0x10000000         0x00010000         xrw
RAM              0x20000000         0x00020000         xrw
FLASH            0x08000000         0x00100000         xr
*default*        0x00000000         0xffffffff

Linker script and memory map

LOAD C:/ST/STM32CubeIDE_1.19.0/STM32CubeIDE/plugins/com.st.stm32cube.ide.mcu.externaltools.gnu-tools-for-stm32.13.3.rel1.win32_1.0.0.202411081344/tools/bin/../lib/gcc/arm-none-eabi/13.3.1/thumb/v7e-m+fp/hard/crti.o
LOAD C:/ST/STM32CubeIDE_1.19.0/STM32CubeIDE/plugins/com.st.stm32cube.ide.mcu.externaltools.gnu-tools-for-stm32.13.3.rel1.win32_1.0.0.202411081344/tools/bin/../lib/gcc/arm-none-eabi/13.3.1/thumb/v7e-m+fp/hard/crtbegin.o
LOAD C:/ST/STM32CubeIDE_1.19.0/STM32CubeIDE/plugins/com.st.stm32cube.ide.mcu.externaltools.gnu-tools-for-stm32.13.3.rel1.win32_1.0.0.202411081344/tools/bin/../lib/gcc/arm-none-eabi/13.3.1/../../../../arm-none-eabi/lib/thumb/v7e-m+fp/hard/crt0.o
LOAD ./CSP/can_stm32/can_stm32.o
LOAD ./CSP/src/arch/freertos/csp_clock.o
LOAD ./CSP/src/arch/freertos/csp_queue.o
LOAD ./CSP/src/arch/freertos/csp_semaphore.o
LOAD ./CSP/src/arch/freertos/csp_system.o
LOAD ./CSP/src/arch/freertos/csp_time.o
LOAD ./CSP/src/crypto/csp_hmac.o
LOAD ./CSP/src/crypto/csp_sha1.o
LOAD ./CSP/src/csp_bridge.o
LOAD ./CSP/src/csp_buffer.o
LOAD ./CSP/src/csp_conn.o
LOAD ./CSP/src/csp_crc32.o
LOAD ./CSP/src/csp_debug.o
LOAD ./CSP/src/csp_dedup.o
LOAD ./CSP/src/csp_endian.o
LOAD ./CSP/src/csp_hex_dump.o
LOAD ./CSP/src/csp_id.o
LOAD ./CSP/src/csp_iflist.o
LOAD ./CSP/src/csp_init.o
LOAD ./CSP/src/csp_io.o
LOAD ./CSP/src/csp_port.o
LOAD ./CSP/src/csp_promisc.o
LOAD ./CSP/src/csp_qfifo.o
LOAD ./CSP/src/csp_rdp.o
LOAD ./CSP/src/csp_rdp_queue.o
LOAD ./CSP/src/csp_route.o
LOAD ./CSP/src/csp_rtable_cidr.o
LOAD ./CSP/src/csp_service_handler.o
LOAD ./CSP/src/csp_services.o
LOAD ./CSP/src/csp_sfp.o
LOAD ./CSP/src/interfaces/csp_if_can.o
LOAD ./CSP/src/interfaces/csp_if_can_pbuf.o
LOAD ./CSP/src/interfaces/csp_if_lo.o
LOAD ./Core/Src/freertos.o
LOAD ./Core/Src/main.o
LOAD ./Core/Src/stm32f4xx_hal_msp.o
LOAD ./Core/Src/stm32f4xx_it.o
LOAD ./Core/Src/syscalls.o
LOAD ./Core/Src/sysmem.o
LOAD ./Core/Src/system_stm32f4xx.o
LOAD ./Core/Startup/startup_stm32f405rgtx.o
LOAD ./Drivers/STM32F4xx_HAL_Driver/Src/stm32f4xx_hal.o
LOAD ./Drivers/STM32F4xx_HAL_Driver/Src/stm32f4xx_hal_can.o
LOAD ./Drivers/STM32F4xx_HAL_Driver/Src/stm32f4xx_hal_cortex.o
LOAD ./Drivers/STM32F4xx_HAL_Driver/Src/stm32f4xx_hal_dma.o
LOAD ./Drivers/STM32F4xx_HAL_Driver/Src/stm32f4xx_hal_dma_ex.o
LOAD ./Drivers/STM32F4xx_HAL_Driver/Src/stm32f4xx_hal_exti.o
LOAD ./Drivers/STM32F4xx_HAL_Driver/Src/stm32f4xx_hal_flash.o
LOAD ./Drivers/STM32F4xx_HAL_Driver/Src/stm32f4xx_hal_flash_ex.o
LOAD ./Drivers/STM32F4xx_HAL_Driver/Src/stm32f4xx_hal_flash_ramfunc.o
LOAD ./Drivers/STM32F4xx_HAL_Driver/Src/stm32f4xx_hal_gpio.o
LOAD ./Drivers/STM32F4xx_HAL_Driver/Src/stm32f4xx_hal_pwr.o
LOAD ./Drivers/STM32F4xx_HAL_Driver/Src/stm32f4xx_hal_pwr_ex.o
LOAD ./Drivers/STM32F4xx_HAL_Driver/Src/stm32f4xx_hal_rcc.o
LOAD ./Drivers/STM32F4xx_HAL_Driver/Src/stm32f4xx_hal_rcc_ex.o
LOAD ./Drivers/STM32F4xx_HAL_Driver/Src/stm32f4xx_ll_dma.o
LOAD ./Drivers/STM32F4xx_HAL_Driver/Src/stm32f4xx_ll_exti.o
LOAD ./Drivers/STM32F4xx_HAL_Driver/Src/stm32f4xx_ll_gpio.o
LOAD ./Drivers/STM32F4xx_HAL_Driver/Src/stm32f4xx_ll_rcc.o
LOAD ./Drivers/STM32F4xx_HAL_Driver/Src/stm32f4xx_ll_usart.o
LOAD ./Drivers/STM32F4xx_HAL_Driver/Src/stm32f4xx_ll_utils.o
LOAD ./Middlewares/Third_Party/FreeRTOS/Source/CMSIS_RTOS_V2/cmsis_os2.o
LOAD ./Middlewares/Third_Party/FreeRTOS/Source/croutine.o
LOAD ./Middlewares/Third_Party/FreeRTOS/Source/event_groups.o
LOAD ./Middlewares/Third_Party/FreeRTOS/Source/list.o
LOAD ./Middlewares/Third_Party/FreeRTOS/Source/queue.o
LOAD ./Middlewares/Third_Party/FreeRTOS/Source/stream_buffer.o
LOAD ./Middlewares/Third_Party/FreeRTOS/Source/tasks.o
LOAD ./Middlewares/Third_Party/FreeRTOS/Source/timers.o
LOAD ./Middlewares/Third_Party/FreeRTOS/Source/portable/GCC/ARM_CM4F/port.o
LOAD ./Middlewares/Third_Party/FreeRTOS/Source/portable/MemMang/heap_4.o
LOAD ./Services/Logger/debug_logger.o
LOAD ./Tests/test_csp.o
START GROUP
LOAD C:/ST/STM32CubeIDE_1.19.0/STM32CubeIDE/plugins/com.st.stm32cube.ide.mcu.externaltools.gnu-tools-for-stm32.13.3.rel1.win32_1.0.0.202411081344/tools/bin/../lib/gcc/arm-none-eabi/13.3.1/../../../../arm-none-eabi/lib/thumb/v7e-m+fp/hard\libc_nano.a
LOAD C:/ST/STM32CubeIDE_1.19.0/STM32CubeIDE/plugins/com.st.stm32cube.ide.mcu.externaltools.gnu-tools-for-stm32.13.3.rel1.win32_1.0.0.202411081344/tools/bin/../lib/gcc/arm-none-eabi/13.3.1/../../../../arm-none-eabi/lib/thumb/v7e-m+fp/hard\libm.a
END GROUP
START GROUP
LOAD C:/ST/STM32CubeIDE_1.19.0/STM32CubeIDE/plugins/com.st.stm32cube.ide.mcu.externaltools.gnu-tools-for-stm32.13.3.rel1.win32_1.0.0.202411081344/tools/bin/../lib/gcc/arm-none-eabi/13.3.1/thumb/v7e-m+fp/hard\libgcc.a
LOAD C:/ST/STM32CubeIDE_1.19.0/STM32CubeIDE/plugins/com.st.stm32cube.ide.mcu.externaltools.gnu-tools-for-stm32.13.3.rel1.win32_1.0.0.202411081344/tools/bin/../lib/gcc/arm-none-eabi/13.3.1/../../../../arm-none-eabi/lib/thumb/v7e-m+fp/hard\libc_nano.a
END GROUP
START GROUP
LOAD C:/ST/STM32CubeIDE_1.19.0/STM32CubeIDE/plugins/com.st.stm32cube.ide.mcu.externaltools.gnu-tools-for-stm32.13.3.rel1.win32_1.0.0.202411081344/tools/bin/../lib/gcc/arm-none-eabi/13.3.1/thumb/v7e-m+fp/hard\libgcc.a
LOAD C:/ST/STM32CubeIDE_1.19.0/STM32CubeIDE/plugins/com.st.stm32cube.ide.mcu.externaltools.gnu-tools-for-stm32.13.3.rel1.win32_1.0.0.202411081344/tools/bin/../lib/gcc/arm-none-eabi/13.3.1/../../../../arm-none-eabi/lib/thumb/v7e-m+fp/hard\libc_nano.a
LOAD C:/ST/STM32CubeIDE_1.19.0/STM32CubeIDE/plugins/com.st.stm32cube.ide.mcu.externaltools.gnu-tools-for-stm32.13.3.rel1.win32_1.0.0.202411081344/tools/bin/../lib/gcc/arm-none-eabi/13.3.1/../../../../arm-none-eabi/lib/thumb/v7e-m+fp/hard\libnosys.a
END GROUP
START GROUP
LOAD C:/ST/STM32CubeIDE_1.19.0/STM32CubeIDE/plugins/com.st.stm32cube.ide.mcu.externaltools.gnu-tools-for-stm32.13.3.rel1.win32_1.0.0.202411081344/tools/bin/../lib/gcc/arm-none-eabi/13.3.1/thumb/v7e-m+fp/hard\libgcc.a
LOAD C:/ST/STM32CubeIDE_1.19.0/STM32CubeIDE/plugins/com.st.stm32cube.ide.mcu.externaltools.gnu-tools-for-stm32.13.3.rel1.win32_1.0.0.202411081344/tools/bin/../lib/gcc/arm-none-eabi/13.3.1/../../../../arm-none-eabi/lib/thumb/v7e-m+fp/hard\libc_nano.a
LOAD C:/ST/STM32CubeIDE_1.19.0/STM32CubeIDE/plugins/com.st.stm32cube.ide.mcu.externaltools.gnu-tools-for-stm32.13.3.rel1.win32_1.0.0.202411081344/tools/bin/../lib/gcc/arm-none-eabi/13.3.1/../../../../arm-none-eabi/lib/thumb/v7e-m+fp/hard\libnosys.a
END GROUP
LOAD C:/ST/STM32CubeIDE_1.19.0/STM32CubeIDE/plugins/com.st.stm32cube.ide.mcu.externaltools.gnu-tools-for-stm32.13.3.rel1.win32_1.0.0.202411081344/tools/bin/../lib/gcc/arm-none-eabi/13.3.1/thumb/v7e-m+fp/hard/crtend.o
LOAD C:/ST/STM32CubeIDE_1.19.0/STM32CubeIDE/plugins/com.st.stm32cube.ide.mcu.externaltools.gnu-tools-for-stm32.13.3.rel1.win32_1.0.0.202411081344/tools/bin/../lib/gcc/arm-none-eabi/13.3.1/thumb/v7e-m+fp/hard/crtn.o
                0x20020000                        _estack = (ORIGIN (RAM) + LENGTH (RAM))
                0x00000200                        _Min_Heap_Size = 0x200
                0x00000400                        _Min_Stack_Size = 0x400

.isr_vector     0x08000000      0x188
                0x08000000                        . = ALIGN (0x4)
 *(.isr_vector)
 .isr_vector    0x08000000      0x188 ./Core/Startup/startup_stm32f405rgtx.o
                0x08000000                g_pfnVectors
                0x08000188                        . = ALIGN (0x4)

.text           0x08000190     0xe71c
                0x08000190                        . = ALIGN (0x4)
 *(.text)
 .text          0x08000190       0x40 C:/ST/STM32CubeIDE_1.19.0/STM32CubeIDE/plugins/com.st.stm32cube.ide.mcu.externaltools.gnu-tools-for-stm32.13.3.rel1.win32_1.0.0.202411081344/tools/bin/../lib/gcc/arm-none-eabi/13.3.1/thumb/v7e-m+fp/hard/crtbegin.o
 .text          0x080001d0       0xa0 C:/ST/STM32CubeIDE_1.19.0/STM32CubeIDE/plugins/com.st.stm32cube.ide.mcu.externaltools.gnu-tools-for-stm32.13.3.rel1.win32_1.0.0.202411081344/tools/bin/../lib/gcc/arm-none-eabi/13.3.1/../../../../arm-none-eabi/lib/thumb/v7e-m+fp/hard\libc_nano.a(libc_a-memchr.o)
                0x080001d0                memchr
 .text          0x08000270       0x10 C:/ST/STM32CubeIDE_1.19.0/STM32CubeIDE/plugins/com.st.stm32cube.ide.mcu.externaltools.gnu-tools-for-stm32.13.3.rel1.win32_1.0.0.202411081344/tools/bin/../lib/gcc/arm-none-eabi/13.3.1/../../../../arm-none-eabi/lib/thumb/v7e-m+fp/hard\libc_nano.a(libc_a-strlen.o)
                0x08000270                strlen
 .text          0x08000280      0x378 C:/ST/STM32CubeIDE_1.19.0/STM32CubeIDE/plugins/com.st.stm32cube.ide.mcu.externaltools.gnu-tools-for-stm32.13.3.rel1.win32_1.0.0.202411081344/tools/bin/../lib/gcc/arm-none-eabi/13.3.1/thumb/v7e-m+fp/hard\libgcc.a(_arm_addsubdf3.o)
                0x08000280                __aeabi_drsub
                0x08000288                __aeabi_dsub
                0x08000288                __subdf3
                0x0800028c                __aeabi_dadd
                0x0800028c                __adddf3
                0x08000504                __floatunsidf
                0x08000504                __aeabi_ui2d
                0x08000524                __floatsidf
                0x08000524                __aeabi_i2d
                0x08000548                __aeabi_f2d
                0x08000548                __extendsfdf2
                0x0800058c                __floatundidf
                0x0800058c                __aeabi_ul2d
                0x0800059c                __floatdidf
                0x0800059c                __aeabi_l2d
 .text          0x080005f8      0x424 C:/ST/STM32CubeIDE_1.19.0/STM32CubeIDE/plugins/com.st.stm32cube.ide.mcu.externaltools.gnu-tools-for-stm32.13.3.rel1.win32_1.0.0.202411081344/tools/bin/../lib/gcc/arm-none-eabi/13.3.1/thumb/v7e-m+fp/hard\libgcc.a(_arm_muldivdf3.o)
                0x080005f8                __aeabi_dmul
                0x080005f8                __muldf3
                0x0800084c                __divdf3
                0x0800084c                __aeabi_ddiv
 .text          0x08000a1c      0x110 C:/ST/STM32CubeIDE_1.19.0/STM32CubeIDE/plugins/com.st.stm32cube.ide.mcu.externaltools.gnu-tools-for-stm32.13.3.rel1.win32_1.0.0.202411081344/tools/bin/../lib/gcc/arm-none-eabi/13.3.1/thumb/v7e-m+fp/hard\libgcc.a(_arm_cmpdf2.o)
                0x08000a1c                __gtdf2
                0x08000a1c                __gedf2
                0x08000a24                __ltdf2
                0x08000a24                __ledf2
                0x08000a2c                __nedf2
                0x08000a2c                __eqdf2
                0x08000a2c                __cmpdf2
                0x08000aa8                __aeabi_cdrcmple
                0x08000ab8                __aeabi_cdcmpeq
                0x08000ab8                __aeabi_cdcmple
                0x08000ac8                __aeabi_dcmpeq
                0x08000adc                __aeabi_dcmplt
                0x08000af0                __aeabi_dcmple
                0x08000b04                __aeabi_dcmpge
                0x08000b18                __aeabi_dcmpgt
 .text          0x08000b2c       0x2c C:/ST/STM32CubeIDE_1.19.0/STM32CubeIDE/plugins/com.st.stm32cube.ide.mcu.externaltools.gnu-tools-for-stm32.13.3.rel1.win32_1.0.0.202411081344/tools/bin/../lib/gcc/arm-none-eabi/13.3.1/thumb/v7e-m+fp/hard\libgcc.a(_arm_unorddf2.o)
                0x08000b2c                __unorddf2
                0x08000b2c                __aeabi_dcmpun
 .text          0x08000b58       0x50 C:/ST/STM32CubeIDE_1.19.0/STM32CubeIDE/plugins/com.st.stm32cube.ide.mcu.externaltools.gnu-tools-for-stm32.13.3.rel1.win32_1.0.0.202411081344/tools/bin/../lib/gcc/arm-none-eabi/13.3.1/thumb/v7e-m+fp/hard\libgcc.a(_arm_fixdfsi.o)
                0x08000b58                __aeabi_d2iz
                0x08000b58                __fixdfsi
 .text          0x08000ba8       0x40 C:/ST/STM32CubeIDE_1.19.0/STM32CubeIDE/plugins/com.st.stm32cube.ide.mcu.externaltools.gnu-tools-for-stm32.13.3.rel1.win32_1.0.0.202411081344/tools/bin/../lib/gcc/arm-none-eabi/13.3.1/thumb/v7e-m+fp/hard\libgcc.a(_arm_fixunsdfsi.o)
                0x08000ba8                __aeabi_d2uiz
                0x08000ba8                __fixunsdfsi
 .text          0x08000be8       0xa0 C:/ST/STM32CubeIDE_1.19.0/STM32CubeIDE/plugins/com.st.stm32cube.ide.mcu.externaltools.gnu-tools-for-stm32.13.3.rel1.win32_1.0.0.202411081344/tools/bin/../lib/gcc/arm-none-eabi/13.3.1/thumb/v7e-m+fp/hard\libgcc.a(_arm_truncdfsf2.o)
                0x08000be8                __truncdfsf2
                0x08000be8                __aeabi_d2f
 .text          0x08000c88       0x30 C:/ST/STM32CubeIDE_1.19.0/STM32CubeIDE/plugins/com.st.stm32cube.ide.mcu.externaltools.gnu-tools-for-stm32.13.3.rel1.win32_1.0.0.202411081344/tools/bin/../lib/gcc/arm-none-eabi/13.3.1/thumb/v7e-m+fp/hard\libgcc.a(_aeabi_uldivmod.o)
                0x08000c88                __aeabi_uldivmod
 .text          0x08000cb8       0x30 C:/ST/STM32CubeIDE_1.19.0/STM32CubeIDE/plugins/com.st.stm32cube.ide.mcu.externaltools.gnu-tools-for-stm32.13.3.rel1.win32_1.0.0.202411081344/tools/bin/../lib/gcc/arm-none-eabi/13.3.1/thumb/v7e-m+fp/hard\libgcc.a(_fixdfdi.o)
                0x08000cb8                __fixdfdi
                0x08000cb8                __aeabi_d2lz
 .text          0x08000ce8       0x3c C:/ST/STM32CubeIDE_1.19.0/STM32CubeIDE/plugins/com.st.stm32cube.ide.mcu.externaltools.gnu-tools-for-stm32.13.3.rel1.win32_1.0.0.202411081344/tools/bin/../lib/gcc/arm-none-eabi/13.3.1/thumb/v7e-m+fp/hard\libgcc.a(_fixunsdfdi.o)
                0x08000ce8                __fixunsdfdi
                0x08000ce8                __aeabi_d2ulz
 .text          0x08000d24      0x2f8 C:/ST/STM32CubeIDE_1.19.0/STM32CubeIDE/plugins/com.st.stm32cube.ide.mcu.externaltools.gnu-tools-for-stm32.13.3.rel1.win32_1.0.0.202411081344/tools/bin/../lib/gcc/arm-none-eabi/13.3.1/thumb/v7e-m+fp/hard\libgcc.a(_udivmoddi4.o)
                0x08000d24                __udivmoddi4
 .text          0x0800101c        0x4 C:/ST/STM32CubeIDE_1.19.0/STM32CubeIDE/plugins/com.st.stm32cube.ide.mcu.externaltools.gnu-tools-for-stm32.13.3.rel1.win32_1.0.0.202411081344/tools/bin/../lib/gcc/arm-none-eabi/13.3.1/thumb/v7e-m+fp/hard\libgcc.a(_dvmd_tls.o)
                0x0800101c                __aeabi_idiv0
                0x0800101c                __aeabi_ldiv0
 *(.text*)
 .text.csp_can_tx_frame
                0x08001020       0x40 ./CSP/can_stm32/can_stm32.o
                0x08001020                csp_can_tx_frame
 .text.HAL_CAN_RxFifo0MsgPendingCallback
                0x08001060       0x7c ./CSP/can_stm32/can_stm32.o
                0x08001060                HAL_CAN_RxFifo0MsgPendingCallback
 .text.csp_queue_create_static
                0x080010dc       0x28 ./CSP/src/arch/freertos/csp_queue.o
                0x080010dc                csp_queue_create_static
 .text.csp_queue_enqueue
                0x08001104       0x34 ./CSP/src/arch/freertos/csp_queue.o
                0x08001104                csp_queue_enqueue
 .text.csp_queue_enqueue_isr
                0x08001138       0x2e ./CSP/src/arch/freertos/csp_queue.o
                0x08001138                csp_queue_enqueue_isr
 .text.csp_queue_dequeue
                0x08001166       0x32 ./CSP/src/arch/freertos/csp_queue.o
                0x08001166                csp_queue_dequeue
 .text.csp_queue_dequeue_isr
                0x08001198       0x2c ./CSP/src/arch/freertos/csp_queue.o
                0x08001198                csp_queue_dequeue_isr
 .text.csp_get_ms
                0x080011c4        0xe ./CSP/src/arch/freertos/csp_time.o
                0x080011c4                csp_get_ms
 .text.csp_get_ms_isr
                0x080011d2        0xe ./CSP/src/arch/freertos/csp_time.o
                0x080011d2                csp_get_ms_isr
 .text.csp_input_hook
                0x080011e0       0x68 ./CSP/src/csp_bridge.o
                0x080011e0                csp_input_hook
 .text.csp_buffer_init
                0x08001248       0x68 ./CSP/src/csp_buffer.o
                0x08001248                csp_buffer_init
 .text.csp_buffer_get_isr
                0x080012b0       0x78 ./CSP/src/csp_buffer.o
                0x080012b0                csp_buffer_get_isr
 .text.csp_buffer_get
                0x08001328       0x78 ./CSP/src/csp_buffer.o
                0x08001328                csp_buffer_get
 .text.csp_buffer_free_isr
                0x080013a0       0x88 ./CSP/src/csp_buffer.o
                0x080013a0                csp_buffer_free_isr
 .text.csp_buffer_free
                0x08001428       0x80 ./CSP/src/csp_buffer.o
                0x08001428                csp_buffer_free
 .text.csp_buffer_clone
                0x080014a8       0x42 ./CSP/src/csp_buffer.o
                0x080014a8                csp_buffer_clone
 .text.csp_buffer_size
                0x080014ea       0x12 ./CSP/src/csp_buffer.o
                0x080014ea                csp_buffer_size
 .text.csp_buffer_data_size
                0x080014fc       0x12 ./CSP/src/csp_buffer.o
                0x080014fc                csp_buffer_data_size
 *fill*         0x0800150e        0x2 
 .text.csp_conn_enqueue_packet
                0x08001510       0x4c ./CSP/src/csp_conn.o
                0x08001510                csp_conn_enqueue_packet
 .text.csp_conn_init
                0x0800155c       0x74 ./CSP/src/csp_conn.o
                0x0800155c                csp_conn_init
 .text.csp_conn_find_existing
                0x080015d0       0xa0 ./CSP/src/csp_conn.o
                0x080015d0                csp_conn_find_existing
 .text.csp_conn_flush_rx_queue
                0x08001670       0x38 ./CSP/src/csp_conn.o
 .text.csp_conn_allocate
                0x080016a8       0xf4 ./CSP/src/csp_conn.o
                0x080016a8                csp_conn_allocate
 .text.csp_conn_new
                0x0800179c       0x5c ./CSP/src/csp_conn.o
                0x0800179c                csp_conn_new
 .text.csp_close
                0x080017f8       0x1a ./CSP/src/csp_conn.o
                0x080017f8                csp_close
 *fill*         0x08001812        0x2 
 .text.csp_conn_close
                0x08001814       0x60 ./CSP/src/csp_conn.o
                0x08001814                csp_conn_close
 .text.csp_connect
                0x08001874      0x144 ./CSP/src/csp_conn.o
                0x08001874                csp_connect
 .text.csp_crc32_memory
                0x080019b8       0x50 ./CSP/src/csp_crc32.o
                0x080019b8                csp_crc32_memory
 .text.csp_crc32_append
                0x08001a08       0x66 ./CSP/src/csp_crc32.o
                0x08001a08                csp_crc32_append
 .text.csp_crc32_verify
                0x08001a6e       0xba ./CSP/src/csp_crc32.o
                0x08001a6e                csp_crc32_verify
 .text.csp_print_func
                0x08001b28       0x12 ./CSP/src/csp_debug.o
                0x08001b28                csp_print_func
 *fill*         0x08001b3a        0x2 
 .text.csp_dedup_is_duplicate
                0x08001b3c       0xa0 ./CSP/src/csp_dedup.o
                0x08001b3c                csp_dedup_is_duplicate
 .text.csp_hton16
                0x08001bdc       0x2c ./CSP/src/csp_endian.o
                0x08001bdc                csp_hton16
 .text.csp_ntoh16
                0x08001c08       0x1c ./CSP/src/csp_endian.o
                0x08001c08                csp_ntoh16
 .text.csp_hton32
                0x08001c24       0x32 ./CSP/src/csp_endian.o
                0x08001c24                csp_hton32
 .text.csp_ntoh32
                0x08001c56       0x18 ./CSP/src/csp_endian.o
                0x08001c56                csp_ntoh32
 .text.csp_hton64
                0x08001c6e      0x174 ./CSP/src/csp_endian.o
                0x08001c6e                csp_hton64
 .text.csp_ntoh64
                0x08001de2       0x20 ./CSP/src/csp_endian.o
                0x08001de2                csp_ntoh64
 .text.csp_htobe16
                0x08001e02       0x1c ./CSP/src/csp_endian.o
                0x08001e02                csp_htobe16
 .text.csp_betoh16
                0x08001e1e       0x1c ./CSP/src/csp_endian.o
                0x08001e1e                csp_betoh16
 .text.csp_htobe32
                0x08001e3a       0x18 ./CSP/src/csp_endian.o
                0x08001e3a                csp_htobe32
 .text.csp_betoh32
                0x08001e52       0x18 ./CSP/src/csp_endian.o
                0x08001e52                csp_betoh32
 .text.csp_htobe64
                0x08001e6a       0x20 ./CSP/src/csp_endian.o
                0x08001e6a                csp_htobe64
 .text.csp_betoh64
                0x08001e8a       0x20 ./CSP/src/csp_endian.o
                0x08001e8a                csp_betoh64
 .text.csp_id1_prepend
                0x08001eaa       0x68 ./CSP/src/csp_id.o
                0x08001eaa                csp_id1_prepend
 .text.csp_id1_strip
                0x08001f12       0x96 ./CSP/src/csp_id.o
                0x08001f12                csp_id1_strip
 .text.csp_id1_setup_rx
                0x08001fa8       0x24 ./CSP/src/csp_id.o
                0x08001fa8                csp_id1_setup_rx
 .text.csp_id2_prepend
                0x08001fcc      0x12c ./CSP/src/csp_id.o
                0x08001fcc                csp_id2_prepend
 .text.csp_id2_strip
                0x080020f8      0x110 ./CSP/src/csp_id.o
                0x080020f8                csp_id2_strip
 .text.csp_id2_setup_rx
                0x08002208       0x24 ./CSP/src/csp_id.o
                0x08002208                csp_id2_setup_rx
 .text.csp_id_prepend
                0x0800222c       0x2c ./CSP/src/csp_id.o
                0x0800222c                csp_id_prepend
 .text.csp_id_get_host_bits
                0x08002258       0x20 ./CSP/src/csp_id.o
                0x08002258                csp_id_get_host_bits
 .text.csp_id_is_broadcast
                0x08002278       0x42 ./CSP/src/csp_id.o
                0x08002278                csp_id_is_broadcast
 *fill*         0x080022ba        0x2 
 .text.csp_iflist_get_by_subnet
                0x080022bc       0x78 ./CSP/src/csp_iflist.o
                0x080022bc                csp_iflist_get_by_subnet
 .text.csp_iflist_add
                0x08002334       0x74 ./CSP/src/csp_iflist.o
                0x08002334                csp_iflist_add
 .text.csp_init
                0x080023a8       0x14 ./CSP/src/csp_init.o
                0x080023a8                csp_init
 .text.csp_read
                0x080023bc       0x52 ./CSP/src/csp_io.o
                0x080023bc                csp_read
 .text.csp_id_copy
                0x0800240e       0x4a ./CSP/src/csp_io.o
                0x0800240e                csp_id_copy
 .text.csp_send_direct
                0x08002458       0x9c ./CSP/src/csp_io.o
                0x08002458                csp_send_direct
 .text.csp_output_hook
                0x080024f4       0x7c ./CSP/src/csp_io.o
                0x080024f4                csp_output_hook
 .text.csp_send_direct_iface
                0x08002570      0x100 ./CSP/src/csp_io.o
                0x08002570                csp_send_direct_iface
 .text.csp_send
                0x08002670       0x58 ./CSP/src/csp_io.o
                0x08002670                csp_send
 .text.csp_transaction_persistent
                0x080026c8       0xcc ./CSP/src/csp_io.o
                0x080026c8                csp_transaction_persistent
 .text.csp_transaction_w_opts
                0x08002794       0x56 ./CSP/src/csp_io.o
                0x08002794                csp_transaction_w_opts
 .text.csp_recvfrom
                0x080027ea       0x3e ./CSP/src/csp_io.o
                0x080027ea                csp_recvfrom
 .text.csp_port_get_callback
                0x08002828       0x60 ./CSP/src/csp_port.o
                0x08002828                csp_port_get_callback
 .text.csp_port_get_socket
                0x08002888       0x60 ./CSP/src/csp_port.o
                0x08002888                csp_port_get_socket
 .text.csp_listen
                0x080028e8       0x2c ./CSP/src/csp_port.o
                0x080028e8                csp_listen
 .text.csp_bind
                0x08002914       0x7c ./CSP/src/csp_port.o
                0x08002914                csp_bind
 .text.csp_promisc_add
                0x08002990       0x68 ./CSP/src/csp_promisc.o
                0x08002990                csp_promisc_add
 .text.csp_qfifo_init
                0x080029f8       0x28 ./CSP/src/csp_qfifo.o
                0x080029f8                csp_qfifo_init
 .text.csp_qfifo_read
                0x08002a20       0x34 ./CSP/src/csp_qfifo.o
                0x08002a20                csp_qfifo_read
 .text.csp_qfifo_write
                0x08002a54       0xb4 ./CSP/src/csp_qfifo.o
                0x08002a54                csp_qfifo_write
 .text.csp_route_check_options
                0x08002b08       0x60 ./CSP/src/csp_route.o
 .text.csp_route_security_check
                0x08002b68       0x58 ./CSP/src/csp_route.o
 .text.csp_route_work
                0x08002bc0      0x354 ./CSP/src/csp_route.o
                0x08002bc0                csp_route_work
 .text.csp_rtable_find_exact
                0x08002f14       0x7c ./CSP/src/csp_rtable_cidr.o
 .text.csp_rtable_find_route
                0x08002f90       0xd4 ./CSP/src/csp_rtable_cidr.o
                0x08002f90                csp_rtable_find_route
 .text.csp_rtable_set_internal
                0x08003064       0x7c ./CSP/src/csp_rtable_cidr.o
                0x08003064                csp_rtable_set_internal
 .text.csp_rtable_set
                0x080030e0       0x6c ./CSP/src/csp_rtable_cidr.o
                0x080030e0                csp_rtable_set
 .text.csp_can1_rx
                0x0800314c      0x208 ./CSP/src/interfaces/csp_if_can.o
                0x0800314c                csp_can1_rx
 .text.csp_can1_tx
                0x08003354      0x1cc ./CSP/src/interfaces/csp_if_can.o
                0x08003354                csp_can1_tx
 .text.csp_can2_rx
                0x08003520      0x1cc ./CSP/src/interfaces/csp_if_can.o
                0x08003520                csp_can2_rx
 .text.csp_can2_tx
                0x080036ec      0x218 ./CSP/src/interfaces/csp_if_can.o
                0x080036ec                csp_can2_tx
 .text.csp_can_add_interface
                0x08003904       0x80 ./CSP/src/interfaces/csp_if_can.o
                0x08003904                csp_can_add_interface
 .text.csp_can_rx
                0x08003984       0x4c ./CSP/src/interfaces/csp_if_can.o
                0x08003984                csp_can_rx
 .text.csp_can_pbuf_free
                0x080039d0       0x70 ./CSP/src/interfaces/csp_if_can_pbuf.o
                0x080039d0                csp_can_pbuf_free
 .text.csp_can_pbuf_new
                0x08003a40       0x78 ./CSP/src/interfaces/csp_if_can_pbuf.o
                0x08003a40                csp_can_pbuf_new
 .text.csp_can_pbuf_cleanup
                0x08003ab8       0x64 ./CSP/src/interfaces/csp_if_can_pbuf.o
                0x08003ab8                csp_can_pbuf_cleanup
 .text.csp_can_pbuf_find
                0x08003b1c       0x5c ./CSP/src/interfaces/csp_if_can_pbuf.o
                0x08003b1c                csp_can_pbuf_find
 .text.csp_lo_tx
                0x08003b78       0x28 ./CSP/src/interfaces/csp_if_lo.o
 .text.__NVIC_GetPriorityGrouping
                0x08003ba0       0x1c ./Core/Src/main.o
 .text.__NVIC_EnableIRQ
                0x08003bbc       0x3c ./Core/Src/main.o
 .text.__NVIC_SetPriority
                0x08003bf8       0x54 ./Core/Src/main.o
 .text.NVIC_EncodePriority
                0x08003c4c       0x66 ./Core/Src/main.o
 .text.LL_USART_Enable
                0x08003cb2       0x20 ./Core/Src/main.o
 .text.LL_USART_ConfigAsyncMode
                0x08003cd2       0x2c ./Core/Src/main.o
 *fill*         0x08003cfe        0x2 
 .text.LL_AHB1_GRP1_EnableClock
                0x08003d00       0x30 ./Core/Src/main.o
 .text.LL_APB2_GRP1_EnableClock
                0x08003d30       0x30 ./Core/Src/main.o
 .text.vApplicationStackOverflowHook
                0x08003d60       0x10 ./Core/Src/main.o
                0x08003d60                vApplicationStackOverflowHook
 .text.Debuglogging
                0x08003d70       0x16 ./Core/Src/main.o
                0x08003d70                Debuglogging
 *fill*         0x08003d86        0x2 
 .text.main     0x08003d88      0x114 ./Core/Src/main.o
                0x08003d88                main
 .text.SystemClock_Config
                0x08003e9c       0xd0 ./Core/Src/main.o
                0x08003e9c                SystemClock_Config
 .text.MX_CAN1_Init
                0x08003f6c       0xa4 ./Core/Src/main.o
 .text.MX_USART6_UART_Init
                0x08004010       0xc0 ./Core/Src/main.o
 .text.MX_GPIO_Init
                0x080040d0       0xa0 ./Core/Src/main.o
 .text.StartDefaultTask
                0x08004170       0x20 ./Core/Src/main.o
                0x08004170                StartDefaultTask
 .text.Error_Handler
                0x08004190        0xc ./Core/Src/main.o
                0x08004190                Error_Handler
 .text.HAL_MspInit
                0x0800419c       0x58 ./Core/Src/stm32f4xx_hal_msp.o
                0x0800419c                HAL_MspInit
 .text.HAL_CAN_MspInit
                0x080041f4       0xa0 ./Core/Src/stm32f4xx_hal_msp.o
                0x080041f4                HAL_CAN_MspInit
 .text.NMI_Handler
                0x08004294        0x8 ./Core/Src/stm32f4xx_it.o
                0x08004294                NMI_Handler
 .text.HardFault_Handler
                0x0800429c        0x8 ./Core/Src/stm32f4xx_it.o
                0x0800429c                HardFault_Handler
 .text.MemManage_Handler
                0x080042a4        0x8 ./Core/Src/stm32f4xx_it.o
                0x080042a4                MemManage_Handler
 .text.BusFault_Handler
                0x080042ac        0x8 ./Core/Src/stm32f4xx_it.o
                0x080042ac                BusFault_Handler
 .text.UsageFault_Handler
                0x080042b4        0x8 ./Core/Src/stm32f4xx_it.o
                0x080042b4                UsageFault_Handler
 .text.DebugMon_Handler
                0x080042bc        0xe ./Core/Src/stm32f4xx_it.o
                0x080042bc                DebugMon_Handler
 .text.SysTick_Handler
                0x080042ca       0x1a ./Core/Src/stm32f4xx_it.o
                0x080042ca                SysTick_Handler
 .text.CAN1_RX0_IRQHandler
                0x080042e4       0x14 ./Core/Src/stm32f4xx_it.o
                0x080042e4                CAN1_RX0_IRQHandler
 .text.USART6_IRQHandler
                0x080042f8        0xc ./Core/Src/stm32f4xx_it.o
                0x080042f8                USART6_IRQHandler
 .text._getpid  0x08004304       0x10 ./Core/Src/syscalls.o
                0x08004304                _getpid
 .text._kill    0x08004314       0x20 ./Core/Src/syscalls.o
                0x08004314                _kill
 .text._exit    0x08004334       0x16 ./Core/Src/syscalls.o
                0x08004334                _exit
 .text._read    0x0800434a       0x3a ./Core/Src/syscalls.o
                0x0800434a                _read
 .text._write   0x08004384       0x38 ./Core/Src/syscalls.o
                0x08004384                _write
 .text._close   0x080043bc       0x18 ./Core/Src/syscalls.o
                0x080043bc                _close
 .text._fstat   0x080043d4       0x20 ./Core/Src/syscalls.o
                0x080043d4                _fstat
 .text._isatty  0x080043f4       0x16 ./Core/Src/syscalls.o
                0x080043f4                _isatty
 .text._lseek   0x0800440a       0x1a ./Core/Src/syscalls.o
                0x0800440a                _lseek
 .text._sbrk    0x08004424       0x6c ./Core/Src/sysmem.o
                0x08004424                _sbrk
 .text.SystemInit
                0x08004490       0x24 ./Core/Src/system_stm32f4xx.o
                0x08004490                SystemInit
 .text.Reset_Handler
                0x080044b4       0x50 ./Core/Startup/startup_stm32f405rgtx.o
                0x080044b4                Reset_Handler
 .text.Default_Handler
                0x08004504        0x2 ./Core/Startup/startup_stm32f405rgtx.o
                0x08004504                RTC_Alarm_IRQHandler
                0x08004504                HASH_RNG_IRQHandler
                0x08004504                EXTI2_IRQHandler
                0x08004504                TIM8_CC_IRQHandler
                0x08004504                TIM1_CC_IRQHandler
                0x08004504                DMA2_Stream5_IRQHandler
                0x08004504                DMA1_Stream5_IRQHandler
                0x08004504                PVD_IRQHandler
                0x08004504                SDIO_IRQHandler
                0x08004504                TAMP_STAMP_IRQHandler
                0x08004504                CAN2_RX1_IRQHandler
                0x08004504                EXTI3_IRQHandler
                0x08004504                TIM8_TRG_COM_TIM14_IRQHandler
                0x08004504                TIM1_UP_TIM10_IRQHandler
                0x08004504                TIM8_UP_TIM13_IRQHandler
                0x08004504                I2C3_ER_IRQHandler
                0x08004504                EXTI0_IRQHandler
                0x08004504                I2C2_EV_IRQHandler
                0x08004504                DMA1_Stream2_IRQHandler
                0x08004504                FPU_IRQHandler
                0x08004504                OTG_HS_WKUP_IRQHandler
                0x08004504                CAN2_SCE_IRQHandler
                0x08004504                DMA2_Stream2_IRQHandler
                0x08004504                SPI1_IRQHandler
                0x08004504                TIM6_DAC_IRQHandler
                0x08004504                TIM1_BRK_TIM9_IRQHandler
                0x08004504                CAN2_RX0_IRQHandler
                0x08004504                DMA2_Stream3_IRQHandler
                0x08004504                USART3_IRQHandler
                0x08004504                CAN1_RX1_IRQHandler
                0x08004504                UART5_IRQHandler
                0x08004504                DMA2_Stream0_IRQHandler
                0x08004504                TIM4_IRQHandler
                0x08004504                I2C1_EV_IRQHandler
                0x08004504                DMA1_Stream6_IRQHandler
                0x08004504                DMA1_Stream1_IRQHandler
                0x08004504                UART4_IRQHandler
                0x08004504                TIM3_IRQHandler
                0x08004504                RCC_IRQHandler
                0x08004504                TIM8_BRK_TIM12_IRQHandler
                0x08004504                Default_Handler
                0x08004504                EXTI15_10_IRQHandler
                0x08004504                ADC_IRQHandler
                0x08004504                DMA1_Stream7_IRQHandler
                0x08004504                TIM7_IRQHandler
                0x08004504                CAN2_TX_IRQHandler
                0x08004504                TIM5_IRQHandler
                0x08004504                DMA2_Stream7_IRQHandler
                0x08004504                I2C3_EV_IRQHandler
                0x08004504                EXTI9_5_IRQHandler
                0x08004504                RTC_WKUP_IRQHandler
                0x08004504                SPI2_IRQHandler
                0x08004504                OTG_HS_EP1_IN_IRQHandler
                0x08004504                DMA1_Stream0_IRQHandler
                0x08004504                CAN1_TX_IRQHandler
                0x08004504                EXTI4_IRQHandler
                0x08004504                FSMC_IRQHandler
                0x08004504                OTG_HS_EP1_OUT_IRQHandler
                0x08004504                WWDG_IRQHandler
                0x08004504                TIM2_IRQHandler
                0x08004504                OTG_FS_WKUP_IRQHandler
                0x08004504                TIM1_TRG_COM_TIM11_IRQHandler
                0x08004504                OTG_HS_IRQHandler
                0x08004504                EXTI1_IRQHandler
                0x08004504                USART2_IRQHandler
                0x08004504                I2C2_ER_IRQHandler
                0x08004504                DMA2_Stream1_IRQHandler
                0x08004504                CAN1_SCE_IRQHandler
                0x08004504                FLASH_IRQHandler
                0x08004504                DMA2_Stream4_IRQHandler
                0x08004504                USART1_IRQHandler
                0x08004504                OTG_FS_IRQHandler
                0x08004504                SPI3_IRQHandler
                0x08004504                DMA1_Stream4_IRQHandler
                0x08004504                I2C1_ER_IRQHandler
                0x08004504                DMA2_Stream6_IRQHandler
                0x08004504                DMA1_Stream3_IRQHandler
 *fill*         0x08004506        0x2 
 .text.HAL_Init
                0x08004508       0x44 ./Drivers/STM32F4xx_HAL_Driver/Src/stm32f4xx_hal.o
                0x08004508                HAL_Init
 .text.HAL_InitTick
                0x0800454c       0x60 ./Drivers/STM32F4xx_HAL_Driver/Src/stm32f4xx_hal.o
                0x0800454c                HAL_InitTick
 .text.HAL_IncTick
                0x080045ac       0x28 ./Drivers/STM32F4xx_HAL_Driver/Src/stm32f4xx_hal.o
                0x080045ac                HAL_IncTick
 .text.HAL_GetTick
                0x080045d4       0x18 ./Drivers/STM32F4xx_HAL_Driver/Src/stm32f4xx_hal.o
                0x080045d4                HAL_GetTick
 .text.HAL_Delay
                0x080045ec       0x48 ./Drivers/STM32F4xx_HAL_Driver/Src/stm32f4xx_hal.o
                0x080045ec                HAL_Delay
 .text.HAL_CAN_Init
                0x08004634      0x1f6 ./Drivers/STM32F4xx_HAL_Driver/Src/stm32f4xx_hal_can.o
                0x08004634                HAL_CAN_Init
 *fill*         0x0800482a        0x2 
 .text.HAL_CAN_ConfigFilter
                0x0800482c      0x1bc ./Drivers/STM32F4xx_HAL_Driver/Src/stm32f4xx_hal_can.o
                0x0800482c                HAL_CAN_ConfigFilter
 .text.HAL_CAN_Start
                0x080049e8       0x88 ./Drivers/STM32F4xx_HAL_Driver/Src/stm32f4xx_hal_can.o
                0x080049e8                HAL_CAN_Start
 .text.HAL_CAN_AddTxMessage
                0x08004a70      0x1a0 ./Drivers/STM32F4xx_HAL_Driver/Src/stm32f4xx_hal_can.o
                0x08004a70                HAL_CAN_AddTxMessage
 .text.HAL_CAN_GetRxMessage
                0x08004c10      0x244 ./Drivers/STM32F4xx_HAL_Driver/Src/stm32f4xx_hal_can.o
                0x08004c10                HAL_CAN_GetRxMessage
 .text.HAL_CAN_ActivateNotification
                0x08004e54       0x4c ./Drivers/STM32F4xx_HAL_Driver/Src/stm32f4xx_hal_can.o
                0x08004e54                HAL_CAN_ActivateNotification
 .text.HAL_CAN_IRQHandler
                0x08004ea0      0x36e ./Drivers/STM32F4xx_HAL_Driver/Src/stm32f4xx_hal_can.o
                0x08004ea0                HAL_CAN_IRQHandler
 .text.HAL_CAN_TxMailbox0CompleteCallback
                0x0800520e       0x14 ./Drivers/STM32F4xx_HAL_Driver/Src/stm32f4xx_hal_can.o
                0x0800520e                HAL_CAN_TxMailbox0CompleteCallback
 .text.HAL_CAN_TxMailbox1CompleteCallback
                0x08005222       0x14 ./Drivers/STM32F4xx_HAL_Driver/Src/stm32f4xx_hal_can.o
                0x08005222                HAL_CAN_TxMailbox1CompleteCallback
 .text.HAL_CAN_TxMailbox2CompleteCallback
                0x08005236       0x14 ./Drivers/STM32F4xx_HAL_Driver/Src/stm32f4xx_hal_can.o
                0x08005236                HAL_CAN_TxMailbox2CompleteCallback
 .text.HAL_CAN_TxMailbox0AbortCallback
                0x0800524a       0x14 ./Drivers/STM32F4xx_HAL_Driver/Src/stm32f4xx_hal_can.o
                0x0800524a                HAL_CAN_TxMailbox0AbortCallback
 .text.HAL_CAN_TxMailbox1AbortCallback
                0x0800525e       0x14 ./Drivers/STM32F4xx_HAL_Driver/Src/stm32f4xx_hal_can.o
                0x0800525e                HAL_CAN_TxMailbox1AbortCallback
 .text.HAL_CAN_TxMailbox2AbortCallback
                0x08005272       0x14 ./Drivers/STM32F4xx_HAL_Driver/Src/stm32f4xx_hal_can.o
                0x08005272                HAL_CAN_TxMailbox2AbortCallback
 .text.HAL_CAN_RxFifo0FullCallback
                0x08005286       0x14 ./Drivers/STM32F4xx_HAL_Driver/Src/stm32f4xx_hal_can.o
                0x08005286                HAL_CAN_RxFifo0FullCallback
 .text.HAL_CAN_RxFifo1MsgPendingCallback
                0x0800529a       0x14 ./Drivers/STM32F4xx_HAL_Driver/Src/stm32f4xx_hal_can.o
                0x0800529a                HAL_CAN_RxFifo1MsgPendingCallback
 .text.HAL_CAN_RxFifo1FullCallback
                0x080052ae       0x14 ./Drivers/STM32F4xx_HAL_Driver/Src/stm32f4xx_hal_can.o
                0x080052ae                HAL_CAN_RxFifo1FullCallback
 .text.HAL_CAN_SleepCallback
                0x080052c2       0x14 ./Drivers/STM32F4xx_HAL_Driver/Src/stm32f4xx_hal_can.o
                0x080052c2                HAL_CAN_SleepCallback
 .text.HAL_CAN_WakeUpFromRxMsgCallback
                0x080052d6       0x14 ./Drivers/STM32F4xx_HAL_Driver/Src/stm32f4xx_hal_can.o
                0x080052d6                HAL_CAN_WakeUpFromRxMsgCallback
 .text.HAL_CAN_ErrorCallback
                0x080052ea       0x14 ./Drivers/STM32F4xx_HAL_Driver/Src/stm32f4xx_hal_can.o
                0x080052ea                HAL_CAN_ErrorCallback
 *fill*         0x080052fe        0x2 
 .text.__NVIC_SetPriorityGrouping
                0x08005300       0x48 ./Drivers/STM32F4xx_HAL_Driver/Src/stm32f4xx_hal_cortex.o
 .text.__NVIC_GetPriorityGrouping
                0x08005348       0x1c ./Drivers/STM32F4xx_HAL_Driver/Src/stm32f4xx_hal_cortex.o
 .text.__NVIC_EnableIRQ
                0x08005364       0x3c ./Drivers/STM32F4xx_HAL_Driver/Src/stm32f4xx_hal_cortex.o
 .text.__NVIC_SetPriority
                0x080053a0       0x54 ./Drivers/STM32F4xx_HAL_Driver/Src/stm32f4xx_hal_cortex.o
 .text.NVIC_EncodePriority
                0x080053f4       0x66 ./Drivers/STM32F4xx_HAL_Driver/Src/stm32f4xx_hal_cortex.o
 *fill*         0x0800545a        0x2 
 .text.SysTick_Config
                0x0800545c       0x44 ./Drivers/STM32F4xx_HAL_Driver/Src/stm32f4xx_hal_cortex.o
 .text.HAL_NVIC_SetPriorityGrouping
                0x080054a0       0x16 ./Drivers/STM32F4xx_HAL_Driver/Src/stm32f4xx_hal_cortex.o
                0x080054a0                HAL_NVIC_SetPriorityGrouping
 .text.HAL_NVIC_SetPriority
                0x080054b6       0x38 ./Drivers/STM32F4xx_HAL_Driver/Src/stm32f4xx_hal_cortex.o
                0x080054b6                HAL_NVIC_SetPriority
 .text.HAL_NVIC_EnableIRQ
                0x080054ee       0x1c ./Drivers/STM32F4xx_HAL_Driver/Src/stm32f4xx_hal_cortex.o
                0x080054ee                HAL_NVIC_EnableIRQ
 .text.HAL_SYSTICK_Config
                0x0800550a       0x18 ./Drivers/STM32F4xx_HAL_Driver/Src/stm32f4xx_hal_cortex.o
                0x0800550a                HAL_SYSTICK_Config
 *fill*         0x08005522        0x2 
 .text.HAL_GPIO_Init
                0x08005524      0x338 ./Drivers/STM32F4xx_HAL_Driver/Src/stm32f4xx_hal_gpio.o
                0x08005524                HAL_GPIO_Init
 .text.HAL_GPIO_WritePin
                0x0800585c       0x32 ./Drivers/STM32F4xx_HAL_Driver/Src/stm32f4xx_hal_gpio.o
                0x0800585c                HAL_GPIO_WritePin
 .text.HAL_GPIO_TogglePin
                0x0800588e       0x34 ./Drivers/STM32F4xx_HAL_Driver/Src/stm32f4xx_hal_gpio.o
                0x0800588e                HAL_GPIO_TogglePin
 *fill*         0x080058c2        0x2 
 .text.HAL_RCC_OscConfig
                0x080058c4      0x4f0 ./Drivers/STM32F4xx_HAL_Driver/Src/stm32f4xx_hal_rcc.o
                0x080058c4                HAL_RCC_OscConfig
 .text.HAL_RCC_ClockConfig
                0x08005db4      0x1cc ./Drivers/STM32F4xx_HAL_Driver/Src/stm32f4xx_hal_rcc.o
                0x08005db4                HAL_RCC_ClockConfig
 .text.HAL_RCC_GetSysClockFreq
                0x08005f80      0x18c ./Drivers/STM32F4xx_HAL_Driver/Src/stm32f4xx_hal_rcc.o
                0x08005f80                HAL_RCC_GetSysClockFreq
 .text.LL_GPIO_SetPinMode
                0x0800610c       0x7a ./Drivers/STM32F4xx_HAL_Driver/Src/stm32f4xx_ll_gpio.o
 .text.LL_GPIO_SetPinOutputType
                0x08006186       0x30 ./Drivers/STM32F4xx_HAL_Driver/Src/stm32f4xx_ll_gpio.o
 .text.LL_GPIO_SetPinSpeed
                0x080061b6       0x7a ./Drivers/STM32F4xx_HAL_Driver/Src/stm32f4xx_ll_gpio.o
 .text.LL_GPIO_SetPinPull
                0x08006230       0x7a ./Drivers/STM32F4xx_HAL_Driver/Src/stm32f4xx_ll_gpio.o
 .text.LL_GPIO_SetAFPin_0_7
                0x080062aa       0x7a ./Drivers/STM32F4xx_HAL_Driver/Src/stm32f4xx_ll_gpio.o
 .text.LL_GPIO_SetAFPin_8_15
                0x08006324       0x7e ./Drivers/STM32F4xx_HAL_Driver/Src/stm32f4xx_ll_gpio.o
 .text.LL_GPIO_Init
                0x080063a2      0x102 ./Drivers/STM32F4xx_HAL_Driver/Src/stm32f4xx_ll_gpio.o
                0x080063a2                LL_GPIO_Init
 .text.LL_RCC_GetSysClkSource
                0x080064a4       0x1c ./Drivers/STM32F4xx_HAL_Driver/Src/stm32f4xx_ll_rcc.o
 .text.LL_RCC_GetAHBPrescaler
                0x080064c0       0x1c ./Drivers/STM32F4xx_HAL_Driver/Src/stm32f4xx_ll_rcc.o
 .text.LL_RCC_GetAPB1Prescaler
                0x080064dc       0x1c ./Drivers/STM32F4xx_HAL_Driver/Src/stm32f4xx_ll_rcc.o
 .text.LL_RCC_GetAPB2Prescaler
                0x080064f8       0x1c ./Drivers/STM32F4xx_HAL_Driver/Src/stm32f4xx_ll_rcc.o
 .text.LL_RCC_PLL_GetMainSource
                0x08006514       0x1c ./Drivers/STM32F4xx_HAL_Driver/Src/stm32f4xx_ll_rcc.o
 .text.LL_RCC_PLL_GetN
                0x08006530       0x1c ./Drivers/STM32F4xx_HAL_Driver/Src/stm32f4xx_ll_rcc.o
 .text.LL_RCC_PLL_GetP
                0x0800654c       0x1c ./Drivers/STM32F4xx_HAL_Driver/Src/stm32f4xx_ll_rcc.o
 .text.LL_RCC_PLL_GetDivider
                0x08006568       0x1c ./Drivers/STM32F4xx_HAL_Driver/Src/stm32f4xx_ll_rcc.o
 .text.LL_RCC_GetSystemClocksFreq
                0x08006584       0x4a ./Drivers/STM32F4xx_HAL_Driver/Src/stm32f4xx_ll_rcc.o
                0x08006584                LL_RCC_GetSystemClocksFreq
 *fill*         0x080065ce        0x2 
 .text.RCC_GetSystemClockFreq
                0x080065d0       0x50 ./Drivers/STM32F4xx_HAL_Driver/Src/stm32f4xx_ll_rcc.o
                0x080065d0                RCC_GetSystemClockFreq
 .text.RCC_GetHCLKClockFreq
                0x08006620       0x2c ./Drivers/STM32F4xx_HAL_Driver/Src/stm32f4xx_ll_rcc.o
                0x08006620                RCC_GetHCLKClockFreq
 .text.RCC_GetPCLK1ClockFreq
                0x0800664c       0x28 ./Drivers/STM32F4xx_HAL_Driver/Src/stm32f4xx_ll_rcc.o
                0x0800664c                RCC_GetPCLK1ClockFreq
 .text.RCC_GetPCLK2ClockFreq
                0x08006674       0x28 ./Drivers/STM32F4xx_HAL_Driver/Src/stm32f4xx_ll_rcc.o
                0x08006674                RCC_GetPCLK2ClockFreq
 .text.RCC_PLL_GetFreqDomain_SYS
                0x0800669c       0x7c ./Drivers/STM32F4xx_HAL_Driver/Src/stm32f4xx_ll_rcc.o
                0x0800669c                RCC_PLL_GetFreqDomain_SYS
 .text.LL_USART_IsEnabled
                0x08006718       0x28 ./Drivers/STM32F4xx_HAL_Driver/Src/stm32f4xx_ll_usart.o
 .text.LL_USART_SetStopBitsLength
                0x08006740       0x26 ./Drivers/STM32F4xx_HAL_Driver/Src/stm32f4xx_ll_usart.o
 .text.LL_USART_SetHWFlowCtrl
                0x08006766       0x26 ./Drivers/STM32F4xx_HAL_Driver/Src/stm32f4xx_ll_usart.o
 .text.LL_USART_SetBaudRate
                0x0800678c      0x45c ./Drivers/STM32F4xx_HAL_Driver/Src/stm32f4xx_ll_usart.o
 .text.LL_USART_Init
                0x08006be8      0x100 ./Drivers/STM32F4xx_HAL_Driver/Src/stm32f4xx_ll_usart.o
                0x08006be8                LL_USART_Init
 .text.__NVIC_SetPriority
                0x08006ce8       0x54 ./Middlewares/Third_Party/FreeRTOS/Source/CMSIS_RTOS_V2/cmsis_os2.o
 .text.SVC_Setup
                0x08006d3c       0x12 ./Middlewares/Third_Party/FreeRTOS/Source/CMSIS_RTOS_V2/cmsis_os2.o
 *fill*         0x08006d4e        0x2 
 .text.osKernelInitialize
                0x08006d50       0x48 ./Middlewares/Third_Party/FreeRTOS/Source/CMSIS_RTOS_V2/cmsis_os2.o
                0x08006d50                osKernelInitialize
 .text.osKernelStart
                0x08006d98       0x4c ./Middlewares/Third_Party/FreeRTOS/Source/CMSIS_RTOS_V2/cmsis_os2.o
                0x08006d98                osKernelStart
 .text.osThreadNew
                0x08006de4      0x124 ./Middlewares/Third_Party/FreeRTOS/Source/CMSIS_RTOS_V2/cmsis_os2.o
                0x08006de4                osThreadNew
 .text.vApplicationGetIdleTaskMemory
                0x08006f08       0x34 ./Middlewares/Third_Party/FreeRTOS/Source/CMSIS_RTOS_V2/cmsis_os2.o
                0x08006f08                vApplicationGetIdleTaskMemory
 .text.vApplicationGetTimerTaskMemory
                0x08006f3c       0x34 ./Middlewares/Third_Party/FreeRTOS/Source/CMSIS_RTOS_V2/cmsis_os2.o
                0x08006f3c                vApplicationGetTimerTaskMemory
 .text.vListInitialise
                0x08006f70       0x40 ./Middlewares/Third_Party/FreeRTOS/Source/list.o
                0x08006f70                vListInitialise
 .text.vListInitialiseItem
                0x08006fb0       0x1a ./Middlewares/Third_Party/FreeRTOS/Source/list.o
                0x08006fb0                vListInitialiseItem
 .text.vListInsertEnd
                0x08006fca       0x48 ./Middlewares/Third_Party/FreeRTOS/Source/list.o
                0x08006fca                vListInsertEnd
 .text.vListInsert
                0x08007012       0x72 ./Middlewares/Third_Party/FreeRTOS/Source/list.o
                0x08007012                vListInsert
 .text.uxListRemove
                0x08007084       0x54 ./Middlewares/Third_Party/FreeRTOS/Source/list.o
                0x08007084                uxListRemove
 .text.xQueueGenericReset
                0x080070d8       0xd4 ./Middlewares/Third_Party/FreeRTOS/Source/queue.o
                0x080070d8                xQueueGenericReset
 .text.xQueueGenericCreateStatic
                0x080071ac       0xfa ./Middlewares/Third_Party/FreeRTOS/Source/queue.o
                0x080071ac                xQueueGenericCreateStatic
 .text.prvInitialiseNewQueue
                0x080072a6       0x46 ./Middlewares/Third_Party/FreeRTOS/Source/queue.o
 .text.xQueueGenericSend
                0x080072ec      0x204 ./Middlewares/Third_Party/FreeRTOS/Source/queue.o
                0x080072ec                xQueueGenericSend
 .text.xQueueGenericSendFromISR
                0x080074f0      0x13c ./Middlewares/Third_Party/FreeRTOS/Source/queue.o
                0x080074f0                xQueueGenericSendFromISR
 .text.xQueueReceive
                0x0800762c      0x1c4 ./Middlewares/Third_Party/FreeRTOS/Source/queue.o
                0x0800762c                xQueueReceive
 .text.xQueueReceiveFromISR
                0x080077f0      0x104 ./Middlewares/Third_Party/FreeRTOS/Source/queue.o
                0x080077f0                xQueueReceiveFromISR
 .text.prvCopyDataToQueue
                0x080078f4       0xd4 ./Middlewares/Third_Party/FreeRTOS/Source/queue.o
 .text.prvCopyDataFromQueue
                0x080079c8       0x4c ./Middlewares/Third_Party/FreeRTOS/Source/queue.o
 .text.prvUnlockQueue
                0x08007a14       0xa4 ./Middlewares/Third_Party/FreeRTOS/Source/queue.o
 .text.prvIsQueueEmpty
                0x08007ab8       0x2c ./Middlewares/Third_Party/FreeRTOS/Source/queue.o
 .text.prvIsQueueFull
                0x08007ae4       0x30 ./Middlewares/Third_Party/FreeRTOS/Source/queue.o
 .text.vQueueAddToRegistry
                0x08007b14       0x54 ./Middlewares/Third_Party/FreeRTOS/Source/queue.o
                0x08007b14                vQueueAddToRegistry
 .text.vQueueWaitForMessageRestricted
                0x08007b68       0x68 ./Middlewares/Third_Party/FreeRTOS/Source/queue.o
                0x08007b68                vQueueWaitForMessageRestricted
 .text.xTaskCreateStatic
                0x08007bd0       0xc0 ./Middlewares/Third_Party/FreeRTOS/Source/tasks.o
                0x08007bd0                xTaskCreateStatic
 .text.xTaskCreate
                0x08007c90       0x8a ./Middlewares/Third_Party/FreeRTOS/Source/tasks.o
                0x08007c90                xTaskCreate
 *fill*         0x08007d1a        0x2 
 .text.prvInitialiseNewTask
                0x08007d1c      0x150 ./Middlewares/Third_Party/FreeRTOS/Source/tasks.o
 .text.prvAddNewTaskToReadyList
                0x08007e6c       0xe0 ./Middlewares/Third_Party/FreeRTOS/Source/tasks.o
 .text.vTaskDelay
                0x08007f4c       0x6c ./Middlewares/Third_Party/FreeRTOS/Source/tasks.o
                0x08007f4c                vTaskDelay
 .text.vTaskStartScheduler
                0x08007fb8       0xe0 ./Middlewares/Third_Party/FreeRTOS/Source/tasks.o
                0x08007fb8                vTaskStartScheduler
 .text.vTaskSuspendAll
                0x08008098       0x1c ./Middlewares/Third_Party/FreeRTOS/Source/tasks.o
                0x08008098                vTaskSuspendAll
 .text.xTaskResumeAll
                0x080080b4      0x13c ./Middlewares/Third_Party/FreeRTOS/Source/tasks.o
                0x080080b4                xTaskResumeAll
 .text.xTaskGetTickCount
                0x080081f0       0x20 ./Middlewares/Third_Party/FreeRTOS/Source/tasks.o
                0x080081f0                xTaskGetTickCount
 .text.xTaskGetTickCountFromISR
                0x08008210       0x24 ./Middlewares/Third_Party/FreeRTOS/Source/tasks.o
                0x08008210                xTaskGetTickCountFromISR
 .text.xTaskIncrementTick
                0x08008234      0x174 ./Middlewares/Third_Party/FreeRTOS/Source/tasks.o
                0x08008234                xTaskIncrementTick
 .text.vTaskSwitchContext
                0x080083a8      0x114 ./Middlewares/Third_Party/FreeRTOS/Source/tasks.o
                0x080083a8                vTaskSwitchContext
 .text.vTaskPlaceOnEventList
                0x080084bc       0x4c ./Middlewares/Third_Party/FreeRTOS/Source/tasks.o
                0x080084bc                vTaskPlaceOnEventList
 .text.vTaskPlaceOnEventListRestricted
                0x08008508       0x58 ./Middlewares/Third_Party/FreeRTOS/Source/tasks.o
                0x08008508                vTaskPlaceOnEventListRestricted
 .text.xTaskRemoveFromEventList
                0x08008560       0xc8 ./Middlewares/Third_Party/FreeRTOS/Source/tasks.o
                0x08008560                xTaskRemoveFromEventList
 .text.vTaskInternalSetTimeOutState
                0x08008628       0x2c ./Middlewares/Third_Party/FreeRTOS/Source/tasks.o
                0x08008628                vTaskInternalSetTimeOutState
 .text.xTaskCheckForTimeOut
                0x08008654       0xc8 ./Middlewares/Third_Party/FreeRTOS/Source/tasks.o
                0x08008654                xTaskCheckForTimeOut
 .text.vTaskMissedYield
                0x0800871c       0x18 ./Middlewares/Third_Party/FreeRTOS/Source/tasks.o
                0x0800871c                vTaskMissedYield
 .text.prvIdleTask
                0x08008734       0x30 ./Middlewares/Third_Party/FreeRTOS/Source/tasks.o
 .text.prvInitialiseTaskLists
                0x08008764       0x80 ./Middlewares/Third_Party/FreeRTOS/Source/tasks.o
 .text.prvCheckTasksWaitingTermination
                0x080087e4       0x5c ./Middlewares/Third_Party/FreeRTOS/Source/tasks.o
 .text.prvDeleteTCB
                0x08008840       0x6a ./Middlewares/Third_Party/FreeRTOS/Source/tasks.o
 *fill*         0x080088aa        0x2 
 .text.prvResetNextTaskUnblockTime
                0x080088ac       0x40 ./Middlewares/Third_Party/FreeRTOS/Source/tasks.o
 .text.xTaskGetSchedulerState
                0x080088ec       0x3c ./Middlewares/Third_Party/FreeRTOS/Source/tasks.o
                0x080088ec                xTaskGetSchedulerState
 .text.xTaskPriorityDisinherit
                0x08008928       0xe0 ./Middlewares/Third_Party/FreeRTOS/Source/tasks.o
                0x08008928                xTaskPriorityDisinherit
 .text.prvAddCurrentTaskToDelayedList
                0x08008a08       0xa8 ./Middlewares/Third_Party/FreeRTOS/Source/tasks.o
 .text.xTimerCreateTimerTask
                0x08008ab0       0x94 ./Middlewares/Third_Party/FreeRTOS/Source/timers.o
                0x08008ab0                xTimerCreateTimerTask
 .text.xTimerGenericCommand
                0x08008b44       0x9c ./Middlewares/Third_Party/FreeRTOS/Source/timers.o
                0x08008b44                xTimerGenericCommand
 .text.prvProcessExpiredTimer
                0x08008be0       0x9c ./Middlewares/Third_Party/FreeRTOS/Source/timers.o
 .text.prvTimerTask
                0x08008c7c       0x26 ./Middlewares/Third_Party/FreeRTOS/Source/timers.o
 *fill*         0x08008ca2        0x2 
 .text.prvProcessTimerOrBlockTask
                0x08008ca4       0x9c ./Middlewares/Third_Party/FreeRTOS/Source/timers.o
 .text.prvGetNextExpireTime
                0x08008d40       0x48 ./Middlewares/Third_Party/FreeRTOS/Source/timers.o
 .text.prvSampleTimeNow
                0x08008d88       0x40 ./Middlewares/Third_Party/FreeRTOS/Source/timers.o
 .text.prvInsertTimerInActiveList
                0x08008dc8       0x84 ./Middlewares/Third_Party/FreeRTOS/Source/timers.o
 .text.prvProcessReceivedCommands
                0x08008e4c      0x1cc ./Middlewares/Third_Party/FreeRTOS/Source/timers.o
 .text.prvSwitchTimerLists
                0x08009018       0xcc ./Middlewares/Third_Party/FreeRTOS/Source/timers.o
 .text.prvCheckForValidListAndQueue
                0x080090e4       0x80 ./Middlewares/Third_Party/FreeRTOS/Source/timers.o
 .text.pxPortInitialiseStack
                0x08009164       0x68 ./Middlewares/Third_Party/FreeRTOS/Source/portable/GCC/ARM_CM4F/port.o
                0x08009164                pxPortInitialiseStack
 .text.prvTaskExitError
                0x080091cc       0x5c ./Middlewares/Third_Party/FreeRTOS/Source/portable/GCC/ARM_CM4F/port.o
 *fill*         0x08009228        0x8 
 .text.SVC_Handler
                0x08009230       0x28 ./Middlewares/Third_Party/FreeRTOS/Source/portable/GCC/ARM_CM4F/port.o
                0x08009230                SVC_Handler
 .text.prvPortStartFirstTask
                0x08009258       0x28 ./Middlewares/Third_Party/FreeRTOS/Source/portable/GCC/ARM_CM4F/port.o
 .text.xPortStartScheduler
                0x08009280      0x148 ./Middlewares/Third_Party/FreeRTOS/Source/portable/GCC/ARM_CM4F/port.o
                0x08009280                xPortStartScheduler
 .text.vPortEnterCritical
                0x080093c8       0x64 ./Middlewares/Third_Party/FreeRTOS/Source/portable/GCC/ARM_CM4F/port.o
                0x080093c8                vPortEnterCritical
 .text.vPortExitCritical
                0x0800942c       0x54 ./Middlewares/Third_Party/FreeRTOS/Source/portable/GCC/ARM_CM4F/port.o
                0x0800942c                vPortExitCritical
 .text.PendSV_Handler
                0x08009480       0x68 ./Middlewares/Third_Party/FreeRTOS/Source/portable/GCC/ARM_CM4F/port.o
                0x08009480                PendSV_Handler
 .text.xPortSysTickHandler
                0x080094e8       0x44 ./Middlewares/Third_Party/FreeRTOS/Source/portable/GCC/ARM_CM4F/port.o
                0x080094e8                xPortSysTickHandler
 .text.vPortSetupTimerInterrupt
                0x0800952c       0x48 ./Middlewares/Third_Party/FreeRTOS/Source/portable/GCC/ARM_CM4F/port.o
                0x0800952c                vPortSetupTimerInterrupt
 .text.vPortEnableVFP
                0x08009574       0x14 ./Middlewares/Third_Party/FreeRTOS/Source/portable/GCC/ARM_CM4F/port.o
 .text.vPortValidateInterruptPriority
                0x08009588       0x84 ./Middlewares/Third_Party/FreeRTOS/Source/portable/GCC/ARM_CM4F/port.o
                0x08009588                vPortValidateInterruptPriority
 .text.pvPortMalloc
                0x0800960c      0x19c ./Middlewares/Third_Party/FreeRTOS/Source/portable/MemMang/heap_4.o
                0x0800960c                pvPortMalloc
 .text.vPortFree
                0x080097a8       0xc8 ./Middlewares/Third_Party/FreeRTOS/Source/portable/MemMang/heap_4.o
                0x080097a8                vPortFree
 .text.prvHeapInit
                0x08009870       0xc4 ./Middlewares/Third_Party/FreeRTOS/Source/portable/MemMang/heap_4.o
 .text.prvInsertBlockIntoFreeList
                0x08009934       0xb4 ./Middlewares/Third_Party/FreeRTOS/Source/portable/MemMang/heap_4.o
 .text.__NVIC_EnableIRQ
                0x080099e8       0x3c ./Services/Logger/debug_logger.o
 .text.__NVIC_SetPriority
                0x08009a24       0x54 ./Services/Logger/debug_logger.o
 .text.LL_USART_IsActiveFlag_TC
                0x08009a78       0x26 ./Services/Logger/debug_logger.o
 .text.LL_USART_IsActiveFlag_TXE
                0x08009a9e       0x26 ./Services/Logger/debug_logger.o
 .text.LL_USART_ClearFlag_TC
                0x08009ac4       0x1c ./Services/Logger/debug_logger.o
 .text.LL_USART_EnableIT_TC
                0x08009ae0       0x46 ./Services/Logger/debug_logger.o
 .text.LL_USART_EnableIT_TXE
                0x08009b26       0x46 ./Services/Logger/debug_logger.o
 .text.LL_USART_DisableIT_TC
                0x08009b6c       0x46 ./Services/Logger/debug_logger.o
 .text.LL_USART_DisableIT_TXE
                0x08009bb2       0x46 ./Services/Logger/debug_logger.o
 .text.LL_USART_IsEnabledIT_TC
                0x08009bf8       0x26 ./Services/Logger/debug_logger.o
 .text.LL_USART_IsEnabledIT_TXE
                0x08009c1e       0x26 ./Services/Logger/debug_logger.o
 .text.LL_USART_TransmitData8
                0x08009c44       0x1e ./Services/Logger/debug_logger.o
 *fill*         0x08009c62        0x2 
 .text.uart_ring_buffer_init
                0x08009c64       0x34 ./Services/Logger/debug_logger.o
                0x08009c64                uart_ring_buffer_init
 .text.uart_ring_buffer_put
                0x08009c98       0xa0 ./Services/Logger/debug_logger.o
                0x08009c98                uart_ring_buffer_put
 .text.uart_ring_buffer_get
                0x08009d38       0x68 ./Services/Logger/debug_logger.o
                0x08009d38                uart_ring_buffer_get
 .text.uart_ring_buffer_is_empty
                0x08009da0       0x24 ./Services/Logger/debug_logger.o
                0x08009da0                uart_ring_buffer_is_empty
 .text.task_debug_logging
                0x08009dc4       0x24 ./Services/Logger/debug_logger.o
                0x08009dc4                task_debug_logging
 .text.uart_transmit_IT_start
                0x08009de8       0x44 ./Services/Logger/debug_logger.o
                0x08009de8                uart_transmit_IT_start
 .text.uart_IRQ_handler
                0x08009e2c       0x98 ./Services/Logger/debug_logger.o
                0x08009e2c                uart_IRQ_handler
 .text.uart_debug_init
                0x08009ec4       0x1a ./Services/Logger/debug_logger.o
                0x08009ec4                uart_debug_init
 .text.csp_transaction
                0x08009ede       0x3e ./Tests/test_csp.o
 .text.CSP_Init
                0x08009f1c       0x8c ./Tests/test_csp.o
                0x08009f1c                CSP_Init
 .text.vTaskCspRouter
                0x08009fa8       0x24 ./Tests/test_csp.o
                0x08009fa8                vTaskCspRouter
 .text.vTaskCspSend
                0x08009fcc       0xa8 ./Tests/test_csp.o
                0x08009fcc                vTaskCspSend
 .text.vTaskCspReceive
                0x0800a074       0x74 ./Tests/test_csp.o
                0x0800a074                vTaskCspReceive
 .text.malloc   0x0800a0e8       0x10 C:/ST/STM32CubeIDE_1.19.0/STM32CubeIDE/plugins/com.st.stm32cube.ide.mcu.externaltools.gnu-tools-for-stm32.13.3.rel1.win32_1.0.0.202411081344/tools/bin/../lib/gcc/arm-none-eabi/13.3.1/../../../../arm-none-eabi/lib/thumb/v7e-m+fp/hard\libc_nano.a(libc_a-malloc.o)
                0x0800a0e8                malloc
 .text.sbrk_aligned
                0x0800a0f8       0x44 C:/ST/STM32CubeIDE_1.19.0/STM32CubeIDE/plugins/com.st.stm32cube.ide.mcu.externaltools.gnu-tools-for-stm32.13.3.rel1.win32_1.0.0.202411081344/tools/bin/../lib/gcc/arm-none-eabi/13.3.1/../../../../arm-none-eabi/lib/thumb/v7e-m+fp/hard\libc_nano.a(libc_a-mallocr.o)
 .text._malloc_r
                0x0800a13c      0x100 C:/ST/STM32CubeIDE_1.19.0/STM32CubeIDE/plugins/com.st.stm32cube.ide.mcu.externaltools.gnu-tools-for-stm32.13.3.rel1.win32_1.0.0.202411081344/tools/bin/../lib/gcc/arm-none-eabi/13.3.1/../../../../arm-none-eabi/lib/thumb/v7e-m+fp/hard\libc_nano.a(libc_a-mallocr.o)
                0x0800a13c                _malloc_r
 .text.__malloc_lock
                0x0800a23c        0xc C:/ST/STM32CubeIDE_1.19.0/STM32CubeIDE/plugins/com.st.stm32cube.ide.mcu.externaltools.gnu-tools-for-stm32.13.3.rel1.win32_1.0.0.202411081344/tools/bin/../lib/gcc/arm-none-eabi/13.3.1/../../../../arm-none-eabi/lib/thumb/v7e-m+fp/hard\libc_nano.a(libc_a-mlock.o)
                0x0800a23c                __malloc_lock
 .text.__malloc_unlock
                0x0800a248        0xc C:/ST/STM32CubeIDE_1.19.0/STM32CubeIDE/plugins/com.st.stm32cube.ide.mcu.externaltools.gnu-tools-for-stm32.13.3.rel1.win32_1.0.0.202411081344/tools/bin/../lib/gcc/arm-none-eabi/13.3.1/../../../../arm-none-eabi/lib/thumb/v7e-m+fp/hard\libc_nano.a(libc_a-mlock.o)
                0x0800a248                __malloc_unlock
 .text.__cvt    0x0800a254       0xca C:/ST/STM32CubeIDE_1.19.0/STM32CubeIDE/plugins/com.st.stm32cube.ide.mcu.externaltools.gnu-tools-for-stm32.13.3.rel1.win32_1.0.0.202411081344/tools/bin/../lib/gcc/arm-none-eabi/13.3.1/../../../../arm-none-eabi/lib/thumb/v7e-m+fp/hard\libc_nano.a(libc_a-nano-vfprintf_float.o)
                0x0800a254                __cvt
 .text.__exponent
                0x0800a31e       0x74 C:/ST/STM32CubeIDE_1.19.0/STM32CubeIDE/plugins/com.st.stm32cube.ide.mcu.externaltools.gnu-tools-for-stm32.13.3.rel1.win32_1.0.0.202411081344/tools/bin/../lib/gcc/arm-none-eabi/13.3.1/../../../../arm-none-eabi/lib/thumb/v7e-m+fp/hard\libc_nano.a(libc_a-nano-vfprintf_float.o)
                0x0800a31e                __exponent
 *fill*         0x0800a392        0x2 
 .text._printf_float
                0x0800a394      0x454 C:/ST/STM32CubeIDE_1.19.0/STM32CubeIDE/plugins/com.st.stm32cube.ide.mcu.externaltools.gnu-tools-for-stm32.13.3.rel1.win32_1.0.0.202411081344/tools/bin/../lib/gcc/arm-none-eabi/13.3.1/../../../../arm-none-eabi/lib/thumb/v7e-m+fp/hard\libc_nano.a(libc_a-nano-vfprintf_float.o)
                0x0800a394                _printf_float
 .text._printf_common
                0x0800a7e8       0xda C:/ST/STM32CubeIDE_1.19.0/STM32CubeIDE/plugins/com.st.stm32cube.ide.mcu.externaltools.gnu-tools-for-stm32.13.3.rel1.win32_1.0.0.202411081344/tools/bin/../lib/gcc/arm-none-eabi/13.3.1/../../../../arm-none-eabi/lib/thumb/v7e-m+fp/hard\libc_nano.a(libc_a-nano-vfprintf_i.o)
                0x0800a7e8                _printf_common
 *fill*         0x0800a8c2        0x2 
 .text._printf_i
                0x0800a8c4      0x23c C:/ST/STM32CubeIDE_1.19.0/STM32CubeIDE/plugins/com.st.stm32cube.ide.mcu.externaltools.gnu-tools-for-stm32.13.3.rel1.win32_1.0.0.202411081344/tools/bin/../lib/gcc/arm-none-eabi/13.3.1/../../../../arm-none-eabi/lib/thumb/v7e-m+fp/hard\libc_nano.a(libc_a-nano-vfprintf_i.o)
                0x0800a8c4                _printf_i
 .text._scanf_float
                0x0800ab00      0x41c C:/ST/STM32CubeIDE_1.19.0/STM32CubeIDE/plugins/com.st.stm32cube.ide.mcu.externaltools.gnu-tools-for-stm32.13.3.rel1.win32_1.0.0.202411081344/tools/bin/../lib/gcc/arm-none-eabi/13.3.1/../../../../arm-none-eabi/lib/thumb/v7e-m+fp/hard\libc_nano.a(libc_a-nano-vfscanf_float.o)
                0x0800ab00                _scanf_float
 .text.std      0x0800af1c       0x6c C:/ST/STM32CubeIDE_1.19.0/STM32CubeIDE/plugins/com.st.stm32cube.ide.mcu.externaltools.gnu-tools-for-stm32.13.3.rel1.win32_1.0.0.202411081344/tools/bin/../lib/gcc/arm-none-eabi/13.3.1/../../../../arm-none-eabi/lib/thumb/v7e-m+fp/hard\libc_nano.a(libc_a-findfp.o)
 .text.stdio_exit_handler
                0x0800af88       0x18 C:/ST/STM32CubeIDE_1.19.0/STM32CubeIDE/plugins/com.st.stm32cube.ide.mcu.externaltools.gnu-tools-for-stm32.13.3.rel1.win32_1.0.0.202411081344/tools/bin/../lib/gcc/arm-none-eabi/13.3.1/../../../../arm-none-eabi/lib/thumb/v7e-m+fp/hard\libc_nano.a(libc_a-findfp.o)
 .text.cleanup_stdio
                0x0800afa0       0x40 C:/ST/STM32CubeIDE_1.19.0/STM32CubeIDE/plugins/com.st.stm32cube.ide.mcu.externaltools.gnu-tools-for-stm32.13.3.rel1.win32_1.0.0.202411081344/tools/bin/../lib/gcc/arm-none-eabi/13.3.1/../../../../arm-none-eabi/lib/thumb/v7e-m+fp/hard\libc_nano.a(libc_a-findfp.o)
 .text.global_stdio_init.part.0
                0x0800afe0       0x3c C:/ST/STM32CubeIDE_1.19.0/STM32CubeIDE/plugins/com.st.stm32cube.ide.mcu.externaltools.gnu-tools-for-stm32.13.3.rel1.win32_1.0.0.202411081344/tools/bin/../lib/gcc/arm-none-eabi/13.3.1/../../../../arm-none-eabi/lib/thumb/v7e-m+fp/hard\libc_nano.a(libc_a-findfp.o)
 .text.__sfp_lock_acquire
                0x0800b01c        0xc C:/ST/STM32CubeIDE_1.19.0/STM32CubeIDE/plugins/com.st.stm32cube.ide.mcu.externaltools.gnu-tools-for-stm32.13.3.rel1.win32_1.0.0.202411081344/tools/bin/../lib/gcc/arm-none-eabi/13.3.1/../../../../arm-none-eabi/lib/thumb/v7e-m+fp/hard\libc_nano.a(libc_a-findfp.o)
                0x0800b01c                __sfp_lock_acquire
 .text.__sfp_lock_release
                0x0800b028        0xc C:/ST/STM32CubeIDE_1.19.0/STM32CubeIDE/plugins/com.st.stm32cube.ide.mcu.externaltools.gnu-tools-for-stm32.13.3.rel1.win32_1.0.0.202411081344/tools/bin/../lib/gcc/arm-none-eabi/13.3.1/../../../../arm-none-eabi/lib/thumb/v7e-m+fp/hard\libc_nano.a(libc_a-findfp.o)
                0x0800b028                __sfp_lock_release
 .text.__sinit  0x0800b034       0x30 C:/ST/STM32CubeIDE_1.19.0/STM32CubeIDE/plugins/com.st.stm32cube.ide.mcu.externaltools.gnu-tools-for-stm32.13.3.rel1.win32_1.0.0.202411081344/tools/bin/../lib/gcc/arm-none-eabi/13.3.1/../../../../arm-none-eabi/lib/thumb/v7e-m+fp/hard\libc_nano.a(libc_a-findfp.o)
                0x0800b034                __sinit
 .text._fwalk_sglue
                0x0800b064       0x3c C:/ST/STM32CubeIDE_1.19.0/STM32CubeIDE/plugins/com.st.stm32cube.ide.mcu.externaltools.gnu-tools-for-stm32.13.3.rel1.win32_1.0.0.202411081344/tools/bin/../lib/gcc/arm-none-eabi/13.3.1/../../../../arm-none-eabi/lib/thumb/v7e-m+fp/hard\libc_nano.a(libc_a-fwalk.o)
                0x0800b064                _fwalk_sglue
 .text.sprintf  0x0800b0a0       0x44 C:/ST/STM32CubeIDE_1.19.0/STM32CubeIDE/plugins/com.st.stm32cube.ide.mcu.externaltools.gnu-tools-for-stm32.13.3.rel1.win32_1.0.0.202411081344/tools/bin/../lib/gcc/arm-none-eabi/13.3.1/../../../../arm-none-eabi/lib/thumb/v7e-m+fp/hard\libc_nano.a(libc_a-sprintf.o)
                0x0800b0a0                siprintf
                0x0800b0a0                sprintf
 .text.__sread  0x0800b0e4       0x22 C:/ST/STM32CubeIDE_1.19.0/STM32CubeIDE/plugins/com.st.stm32cube.ide.mcu.externaltools.gnu-tools-for-stm32.13.3.rel1.win32_1.0.0.202411081344/tools/bin/../lib/gcc/arm-none-eabi/13.3.1/../../../../arm-none-eabi/lib/thumb/v7e-m+fp/hard\libc_nano.a(libc_a-stdio.o)
                0x0800b0e4                __sread
 .text.__swrite
                0x0800b106       0x38 C:/ST/STM32CubeIDE_1.19.0/STM32CubeIDE/plugins/com.st.stm32cube.ide.mcu.externaltools.gnu-tools-for-stm32.13.3.rel1.win32_1.0.0.202411081344/tools/bin/../lib/gcc/arm-none-eabi/13.3.1/../../../../arm-none-eabi/lib/thumb/v7e-m+fp/hard\libc_nano.a(libc_a-stdio.o)
                0x0800b106                __swrite
 .text.__sseek  0x0800b13e       0x24 C:/ST/STM32CubeIDE_1.19.0/STM32CubeIDE/plugins/com.st.stm32cube.ide.mcu.externaltools.gnu-tools-for-stm32.13.3.rel1.win32_1.0.0.202411081344/tools/bin/../lib/gcc/arm-none-eabi/13.3.1/../../../../arm-none-eabi/lib/thumb/v7e-m+fp/hard\libc_nano.a(libc_a-stdio.o)
                0x0800b13e                __sseek
 .text.__sclose
                0x0800b162        0x8 C:/ST/STM32CubeIDE_1.19.0/STM32CubeIDE/plugins/com.st.stm32cube.ide.mcu.externaltools.gnu-tools-for-stm32.13.3.rel1.win32_1.0.0.202411081344/tools/bin/../lib/gcc/arm-none-eabi/13.3.1/../../../../arm-none-eabi/lib/thumb/v7e-m+fp/hard\libc_nano.a(libc_a-stdio.o)
                0x0800b162                __sclose
 .text.memcmp   0x0800b16a       0x20 C:/ST/STM32CubeIDE_1.19.0/STM32CubeIDE/plugins/com.st.stm32cube.ide.mcu.externaltools.gnu-tools-for-stm32.13.3.rel1.win32_1.0.0.202411081344/tools/bin/../lib/gcc/arm-none-eabi/13.3.1/../../../../arm-none-eabi/lib/thumb/v7e-m+fp/hard\libc_nano.a(libc_a-memcmp.o)
                0x0800b16a                memcmp
 .text.memset   0x0800b18a       0x10 C:/ST/STM32CubeIDE_1.19.0/STM32CubeIDE/plugins/com.st.stm32cube.ide.mcu.externaltools.gnu-tools-for-stm32.13.3.rel1.win32_1.0.0.202411081344/tools/bin/../lib/gcc/arm-none-eabi/13.3.1/../../../../arm-none-eabi/lib/thumb/v7e-m+fp/hard\libc_nano.a(libc_a-memset.o)
                0x0800b18a                memset
 .text.strncmp  0x0800b19a       0x24 C:/ST/STM32CubeIDE_1.19.0/STM32CubeIDE/plugins/com.st.stm32cube.ide.mcu.externaltools.gnu-tools-for-stm32.13.3.rel1.win32_1.0.0.202411081344/tools/bin/../lib/gcc/arm-none-eabi/13.3.1/../../../../arm-none-eabi/lib/thumb/v7e-m+fp/hard\libc_nano.a(libc_a-strncmp.o)
                0x0800b19a                strncmp
 *fill*         0x0800b1be        0x2 
 .text._localeconv_r
                0x0800b1c0        0x8 C:/ST/STM32CubeIDE_1.19.0/STM32CubeIDE/plugins/com.st.stm32cube.ide.mcu.externaltools.gnu-tools-for-stm32.13.3.rel1.win32_1.0.0.202411081344/tools/bin/../lib/gcc/arm-none-eabi/13.3.1/../../../../arm-none-eabi/lib/thumb/v7e-m+fp/hard\libc_nano.a(libc_a-localeconv.o)
                0x0800b1c0                _localeconv_r
 .text._close_r
                0x0800b1c8       0x20 C:/ST/STM32CubeIDE_1.19.0/STM32CubeIDE/plugins/com.st.stm32cube.ide.mcu.externaltools.gnu-tools-for-stm32.13.3.rel1.win32_1.0.0.202411081344/tools/bin/../lib/gcc/arm-none-eabi/13.3.1/../../../../arm-none-eabi/lib/thumb/v7e-m+fp/hard\libc_nano.a(libc_a-closer.o)
                0x0800b1c8                _close_r
 .text._reclaim_reent
                0x0800b1e8       0xbc C:/ST/STM32CubeIDE_1.19.0/STM32CubeIDE/plugins/com.st.stm32cube.ide.mcu.externaltools.gnu-tools-for-stm32.13.3.rel1.win32_1.0.0.202411081344/tools/bin/../lib/gcc/arm-none-eabi/13.3.1/../../../../arm-none-eabi/lib/thumb/v7e-m+fp/hard\libc_nano.a(libc_a-reent.o)
                0x0800b1e8                _reclaim_reent
 .text._lseek_r
                0x0800b2a4       0x24 C:/ST/STM32CubeIDE_1.19.0/STM32CubeIDE/plugins/com.st.stm32cube.ide.mcu.externaltools.gnu-tools-for-stm32.13.3.rel1.win32_1.0.0.202411081344/tools/bin/../lib/gcc/arm-none-eabi/13.3.1/../../../../arm-none-eabi/lib/thumb/v7e-m+fp/hard\libc_nano.a(libc_a-lseekr.o)
                0x0800b2a4                _lseek_r
 .text._read_r  0x0800b2c8       0x24 C:/ST/STM32CubeIDE_1.19.0/STM32CubeIDE/plugins/com.st.stm32cube.ide.mcu.externaltools.gnu-tools-for-stm32.13.3.rel1.win32_1.0.0.202411081344/tools/bin/../lib/gcc/arm-none-eabi/13.3.1/../../../../arm-none-eabi/lib/thumb/v7e-m+fp/hard\libc_nano.a(libc_a-readr.o)
                0x0800b2c8                _read_r
 .text._sbrk_r  0x0800b2ec       0x20 C:/ST/STM32CubeIDE_1.19.0/STM32CubeIDE/plugins/com.st.stm32cube.ide.mcu.externaltools.gnu-tools-for-stm32.13.3.rel1.win32_1.0.0.202411081344/tools/bin/../lib/gcc/arm-none-eabi/13.3.1/../../../../arm-none-eabi/lib/thumb/v7e-m+fp/hard\libc_nano.a(libc_a-sbrkr.o)
                0x0800b2ec                _sbrk_r
 .text._write_r
                0x0800b30c       0x24 C:/ST/STM32CubeIDE_1.19.0/STM32CubeIDE/plugins/com.st.stm32cube.ide.mcu.externaltools.gnu-tools-for-stm32.13.3.rel1.win32_1.0.0.202411081344/tools/bin/../lib/gcc/arm-none-eabi/13.3.1/../../../../arm-none-eabi/lib/thumb/v7e-m+fp/hard\libc_nano.a(libc_a-writer.o)
                0x0800b30c                _write_r
 .text.__errno  0x0800b330        0xc C:/ST/STM32CubeIDE_1.19.0/STM32CubeIDE/plugins/com.st.stm32cube.ide.mcu.externaltools.gnu-tools-for-stm32.13.3.rel1.win32_1.0.0.202411081344/tools/bin/../lib/gcc/arm-none-eabi/13.3.1/../../../../arm-none-eabi/lib/thumb/v7e-m+fp/hard\libc_nano.a(libc_a-errno.o)
                0x0800b330                __errno
 .text.__libc_init_array
                0x0800b33c       0x48 C:/ST/STM32CubeIDE_1.19.0/STM32CubeIDE/plugins/com.st.stm32cube.ide.mcu.externaltools.gnu-tools-for-stm32.13.3.rel1.win32_1.0.0.202411081344/tools/bin/../lib/gcc/arm-none-eabi/13.3.1/../../../../arm-none-eabi/lib/thumb/v7e-m+fp/hard\libc_nano.a(libc_a-init.o)
                0x0800b33c                __libc_init_array
 .text.__retarget_lock_init_recursive
                0x0800b384        0x2 C:/ST/STM32CubeIDE_1.19.0/STM32CubeIDE/plugins/com.st.stm32cube.ide.mcu.externaltools.gnu-tools-for-stm32.13.3.rel1.win32_1.0.0.202411081344/tools/bin/../lib/gcc/arm-none-eabi/13.3.1/../../../../arm-none-eabi/lib/thumb/v7e-m+fp/hard\libc_nano.a(libc_a-lock.o)
                0x0800b384                __retarget_lock_init_recursive
 .text.__retarget_lock_acquire_recursive
                0x0800b386        0x2 C:/ST/STM32CubeIDE_1.19.0/STM32CubeIDE/plugins/com.st.stm32cube.ide.mcu.externaltools.gnu-tools-for-stm32.13.3.rel1.win32_1.0.0.202411081344/tools/bin/../lib/gcc/arm-none-eabi/13.3.1/../../../../arm-none-eabi/lib/thumb/v7e-m+fp/hard\libc_nano.a(libc_a-lock.o)
                0x0800b386                __retarget_lock_acquire_recursive
 .text.__retarget_lock_release_recursive
                0x0800b388        0x2 C:/ST/STM32CubeIDE_1.19.0/STM32CubeIDE/plugins/com.st.stm32cube.ide.mcu.externaltools.gnu-tools-for-stm32.13.3.rel1.win32_1.0.0.202411081344/tools/bin/../lib/gcc/arm-none-eabi/13.3.1/../../../../arm-none-eabi/lib/thumb/v7e-m+fp/hard\libc_nano.a(libc_a-lock.o)
                0x0800b388                __retarget_lock_release_recursive
 .text.memcpy   0x0800b38a       0x1c C:/ST/STM32CubeIDE_1.19.0/STM32CubeIDE/plugins/com.st.stm32cube.ide.mcu.externaltools.gnu-tools-for-stm32.13.3.rel1.win32_1.0.0.202411081344/tools/bin/../lib/gcc/arm-none-eabi/13.3.1/../../../../arm-none-eabi/lib/thumb/v7e-m+fp/hard\libc_nano.a(libc_a-memcpy-stub.o)
                0x0800b38a                memcpy
 *fill*         0x0800b3a6        0x2 
 .text.nanf     0x0800b3a8        0xc C:/ST/STM32CubeIDE_1.19.0/STM32CubeIDE/plugins/com.st.stm32cube.ide.mcu.externaltools.gnu-tools-for-stm32.13.3.rel1.win32_1.0.0.202411081344/tools/bin/../lib/gcc/arm-none-eabi/13.3.1/../../../../arm-none-eabi/lib/thumb/v7e-m+fp/hard\libc_nano.a(libm_a-sf_nan.o)
                0x0800b3a8                nanf
 .text.quorem   0x0800b3b4      0x110 C:/ST/STM32CubeIDE_1.19.0/STM32CubeIDE/plugins/com.st.stm32cube.ide.mcu.externaltools.gnu-tools-for-stm32.13.3.rel1.win32_1.0.0.202411081344/tools/bin/../lib/gcc/arm-none-eabi/13.3.1/../../../../arm-none-eabi/lib/thumb/v7e-m+fp/hard\libc_nano.a(libc_a-dtoa.o)
 *fill*         0x0800b4c4        0x4 
 .text._dtoa_r  0x0800b4c8      0xba0 C:/ST/STM32CubeIDE_1.19.0/STM32CubeIDE/plugins/com.st.stm32cube.ide.mcu.externaltools.gnu-tools-for-stm32.13.3.rel1.win32_1.0.0.202411081344/tools/bin/../lib/gcc/arm-none-eabi/13.3.1/../../../../arm-none-eabi/lib/thumb/v7e-m+fp/hard\libc_nano.a(libc_a-dtoa.o)
                0x0800b4c8                _dtoa_r
 .text._free_r  0x0800c068       0x94 C:/ST/STM32CubeIDE_1.19.0/STM32CubeIDE/plugins/com.st.stm32cube.ide.mcu.externaltools.gnu-tools-for-stm32.13.3.rel1.win32_1.0.0.202411081344/tools/bin/../lib/gcc/arm-none-eabi/13.3.1/../../../../arm-none-eabi/lib/thumb/v7e-m+fp/hard\libc_nano.a(libc_a-freer.o)
                0x0800c068                _free_r
 .text._Balloc  0x0800c0fc       0x80 C:/ST/STM32CubeIDE_1.19.0/STM32CubeIDE/plugins/com.st.stm32cube.ide.mcu.externaltools.gnu-tools-for-stm32.13.3.rel1.win32_1.0.0.202411081344/tools/bin/../lib/gcc/arm-none-eabi/13.3.1/../../../../arm-none-eabi/lib/thumb/v7e-m+fp/hard\libc_nano.a(libc_a-mprec.o)
                0x0800c0fc                _Balloc
 .text._Bfree   0x0800c17c       0x44 C:/ST/STM32CubeIDE_1.19.0/STM32CubeIDE/plugins/com.st.stm32cube.ide.mcu.externaltools.gnu-tools-for-stm32.13.3.rel1.win32_1.0.0.202411081344/tools/bin/../lib/gcc/arm-none-eabi/13.3.1/../../../../arm-none-eabi/lib/thumb/v7e-m+fp/hard\libc_nano.a(libc_a-mprec.o)
                0x0800c17c                _Bfree
 .text.__multadd
                0x0800c1c0       0x8c C:/ST/STM32CubeIDE_1.19.0/STM32CubeIDE/plugins/com.st.stm32cube.ide.mcu.externaltools.gnu-tools-for-stm32.13.3.rel1.win32_1.0.0.202411081344/tools/bin/../lib/gcc/arm-none-eabi/13.3.1/../../../../arm-none-eabi/lib/thumb/v7e-m+fp/hard\libc_nano.a(libc_a-mprec.o)
                0x0800c1c0                __multadd
 .text.__s2b    0x0800c24c       0x94 C:/ST/STM32CubeIDE_1.19.0/STM32CubeIDE/plugins/com.st.stm32cube.ide.mcu.externaltools.gnu-tools-for-stm32.13.3.rel1.win32_1.0.0.202411081344/tools/bin/../lib/gcc/arm-none-eabi/13.3.1/../../../../arm-none-eabi/lib/thumb/v7e-m+fp/hard\libc_nano.a(libc_a-mprec.o)
                0x0800c24c                __s2b
 .text.__hi0bits
                0x0800c2e0       0x3e C:/ST/STM32CubeIDE_1.19.0/STM32CubeIDE/plugins/com.st.stm32cube.ide.mcu.externaltools.gnu-tools-for-stm32.13.3.rel1.win32_1.0.0.202411081344/tools/bin/../lib/gcc/arm-none-eabi/13.3.1/../../../../arm-none-eabi/lib/thumb/v7e-m+fp/hard\libc_nano.a(libc_a-mprec.o)
                0x0800c2e0                __hi0bits
 .text.__lo0bits
                0x0800c31e       0x5a C:/ST/STM32CubeIDE_1.19.0/STM32CubeIDE/plugins/com.st.stm32cube.ide.mcu.externaltools.gnu-tools-for-stm32.13.3.rel1.win32_1.0.0.202411081344/tools/bin/../lib/gcc/arm-none-eabi/13.3.1/../../../../arm-none-eabi/lib/thumb/v7e-m+fp/hard\libc_nano.a(libc_a-mprec.o)
                0x0800c31e                __lo0bits
 .text.__i2b    0x0800c378       0x2c C:/ST/STM32CubeIDE_1.19.0/STM32CubeIDE/plugins/com.st.stm32cube.ide.mcu.externaltools.gnu-tools-for-stm32.13.3.rel1.win32_1.0.0.202411081344/tools/bin/../lib/gcc/arm-none-eabi/13.3.1/../../../../arm-none-eabi/lib/thumb/v7e-m+fp/hard\libc_nano.a(libc_a-mprec.o)
                0x0800c378                __i2b
 .text.__multiply
                0x0800c3a4      0x144 C:/ST/STM32CubeIDE_1.19.0/STM32CubeIDE/plugins/com.st.stm32cube.ide.mcu.externaltools.gnu-tools-for-stm32.13.3.rel1.win32_1.0.0.202411081344/tools/bin/../lib/gcc/arm-none-eabi/13.3.1/../../../../arm-none-eabi/lib/thumb/v7e-m+fp/hard\libc_nano.a(libc_a-mprec.o)
                0x0800c3a4                __multiply
 .text.__pow5mult
                0x0800c4e8       0xb4 C:/ST/STM32CubeIDE_1.19.0/STM32CubeIDE/plugins/com.st.stm32cube.ide.mcu.externaltools.gnu-tools-for-stm32.13.3.rel1.win32_1.0.0.202411081344/tools/bin/../lib/gcc/arm-none-eabi/13.3.1/../../../../arm-none-eabi/lib/thumb/v7e-m+fp/hard\libc_nano.a(libc_a-mprec.o)
                0x0800c4e8                __pow5mult
 .text.__lshift
                0x0800c59c       0xd8 C:/ST/STM32CubeIDE_1.19.0/STM32CubeIDE/plugins/com.st.stm32cube.ide.mcu.externaltools.gnu-tools-for-stm32.13.3.rel1.win32_1.0.0.202411081344/tools/bin/../lib/gcc/arm-none-eabi/13.3.1/../../../../arm-none-eabi/lib/thumb/v7e-m+fp/hard\libc_nano.a(libc_a-mprec.o)
                0x0800c59c                __lshift
 .text.__mcmp   0x0800c674       0x36 C:/ST/STM32CubeIDE_1.19.0/STM32CubeIDE/plugins/com.st.stm32cube.ide.mcu.externaltools.gnu-tools-for-stm32.13.3.rel1.win32_1.0.0.202411081344/tools/bin/../lib/gcc/arm-none-eabi/13.3.1/../../../../arm-none-eabi/lib/thumb/v7e-m+fp/hard\libc_nano.a(libc_a-mprec.o)
                0x0800c674                __mcmp
 *fill*         0x0800c6aa        0x2 
 .text.__mdiff  0x0800c6ac      0x128 C:/ST/STM32CubeIDE_1.19.0/STM32CubeIDE/plugins/com.st.stm32cube.ide.mcu.externaltools.gnu-tools-for-stm32.13.3.rel1.win32_1.0.0.202411081344/tools/bin/../lib/gcc/arm-none-eabi/13.3.1/../../../../arm-none-eabi/lib/thumb/v7e-m+fp/hard\libc_nano.a(libc_a-mprec.o)
                0x0800c6ac                __mdiff
 .text.__ulp    0x0800c7d4       0x4c C:/ST/STM32CubeIDE_1.19.0/STM32CubeIDE/plugins/com.st.stm32cube.ide.mcu.externaltools.gnu-tools-for-stm32.13.3.rel1.win32_1.0.0.202411081344/tools/bin/../lib/gcc/arm-none-eabi/13.3.1/../../../../arm-none-eabi/lib/thumb/v7e-m+fp/hard\libc_nano.a(libc_a-mprec.o)
                0x0800c7d4                __ulp
 .text.__b2d    0x0800c820       0x94 C:/ST/STM32CubeIDE_1.19.0/STM32CubeIDE/plugins/com.st.stm32cube.ide.mcu.externaltools.gnu-tools-for-stm32.13.3.rel1.win32_1.0.0.202411081344/tools/bin/../lib/gcc/arm-none-eabi/13.3.1/../../../../arm-none-eabi/lib/thumb/v7e-m+fp/hard\libc_nano.a(libc_a-mprec.o)
                0x0800c820                __b2d
 .text.__d2b    0x0800c8b4       0xb0 C:/ST/STM32CubeIDE_1.19.0/STM32CubeIDE/plugins/com.st.stm32cube.ide.mcu.externaltools.gnu-tools-for-stm32.13.3.rel1.win32_1.0.0.202411081344/tools/bin/../lib/gcc/arm-none-eabi/13.3.1/../../../../arm-none-eabi/lib/thumb/v7e-m+fp/hard\libc_nano.a(libc_a-mprec.o)
                0x0800c8b4                __d2b
 .text.__ratio  0x0800c964       0x64 C:/ST/STM32CubeIDE_1.19.0/STM32CubeIDE/plugins/com.st.stm32cube.ide.mcu.externaltools.gnu-tools-for-stm32.13.3.rel1.win32_1.0.0.202411081344/tools/bin/../lib/gcc/arm-none-eabi/13.3.1/../../../../arm-none-eabi/lib/thumb/v7e-m+fp/hard\libc_nano.a(libc_a-mprec.o)
                0x0800c964                __ratio
 .text.__copybits
                0x0800c9c8       0x46 C:/ST/STM32CubeIDE_1.19.0/STM32CubeIDE/plugins/com.st.stm32cube.ide.mcu.externaltools.gnu-tools-for-stm32.13.3.rel1.win32_1.0.0.202411081344/tools/bin/../lib/gcc/arm-none-eabi/13.3.1/../../../../arm-none-eabi/lib/thumb/v7e-m+fp/hard\libc_nano.a(libc_a-mprec.o)
                0x0800c9c8                __copybits
 .text.__any_on
                0x0800ca0e       0x42 C:/ST/STM32CubeIDE_1.19.0/STM32CubeIDE/plugins/com.st.stm32cube.ide.mcu.externaltools.gnu-tools-for-stm32.13.3.rel1.win32_1.0.0.202411081344/tools/bin/../lib/gcc/arm-none-eabi/13.3.1/../../../../arm-none-eabi/lib/thumb/v7e-m+fp/hard\libc_nano.a(libc_a-mprec.o)
                0x0800ca0e                __any_on
 .text.sulp     0x0800ca50       0x3c C:/ST/STM32CubeIDE_1.19.0/STM32CubeIDE/plugins/com.st.stm32cube.ide.mcu.externaltools.gnu-tools-for-stm32.13.3.rel1.win32_1.0.0.202411081344/tools/bin/../lib/gcc/arm-none-eabi/13.3.1/../../../../arm-none-eabi/lib/thumb/v7e-m+fp/hard\libc_nano.a(libc_a-strtod.o)
 *fill*         0x0800ca8c        0x4 
 .text._strtod_l
                0x0800ca90      0xbc8 C:/ST/STM32CubeIDE_1.19.0/STM32CubeIDE/plugins/com.st.stm32cube.ide.mcu.externaltools.gnu-tools-for-stm32.13.3.rel1.win32_1.0.0.202411081344/tools/bin/../lib/gcc/arm-none-eabi/13.3.1/../../../../arm-none-eabi/lib/thumb/v7e-m+fp/hard\libc_nano.a(libc_a-strtod.o)
                0x0800ca90                _strtod_l
 .text._strtod_r
                0x0800d658        0xc C:/ST/STM32CubeIDE_1.19.0/STM32CubeIDE/plugins/com.st.stm32cube.ide.mcu.externaltools.gnu-tools-for-stm32.13.3.rel1.win32_1.0.0.202411081344/tools/bin/../lib/gcc/arm-none-eabi/13.3.1/../../../../arm-none-eabi/lib/thumb/v7e-m+fp/hard\libc_nano.a(libc_a-strtod.o)
                0x0800d658                _strtod_r
 .text._strtol_l.isra.0
                0x0800d664       0xf4 C:/ST/STM32CubeIDE_1.19.0/STM32CubeIDE/plugins/com.st.stm32cube.ide.mcu.externaltools.gnu-tools-for-stm32.13.3.rel1.win32_1.0.0.202411081344/tools/bin/../lib/gcc/arm-none-eabi/13.3.1/../../../../arm-none-eabi/lib/thumb/v7e-m+fp/hard\libc_nano.a(libc_a-strtol.o)
 .text._strtol_r
                0x0800d758        0x4 C:/ST/STM32CubeIDE_1.19.0/STM32CubeIDE/plugins/com.st.stm32cube.ide.mcu.externaltools.gnu-tools-for-stm32.13.3.rel1.win32_1.0.0.202411081344/tools/bin/../lib/gcc/arm-none-eabi/13.3.1/../../../../arm-none-eabi/lib/thumb/v7e-m+fp/hard\libc_nano.a(libc_a-strtol.o)
                0x0800d758                _strtol_r
 .text.__ssputs_r
                0x0800d75c       0xb6 C:/ST/STM32CubeIDE_1.19.0/STM32CubeIDE/plugins/com.st.stm32cube.ide.mcu.externaltools.gnu-tools-for-stm32.13.3.rel1.win32_1.0.0.202411081344/tools/bin/../lib/gcc/arm-none-eabi/13.3.1/../../../../arm-none-eabi/lib/thumb/v7e-m+fp/hard\libc_nano.a(libc_a-nano-svfprintf.o)
                0x0800d75c                __ssputs_r
 *fill*         0x0800d812        0x2 
 .text._svfprintf_r
                0x0800d814      0x1f8 C:/ST/STM32CubeIDE_1.19.0/STM32CubeIDE/plugins/com.st.stm32cube.ide.mcu.externaltools.gnu-tools-for-stm32.13.3.rel1.win32_1.0.0.202411081344/tools/bin/../lib/gcc/arm-none-eabi/13.3.1/../../../../arm-none-eabi/lib/thumb/v7e-m+fp/hard\libc_nano.a(libc_a-nano-svfprintf.o)
                0x0800d814                _svfiprintf_r
                0x0800d814                _svfprintf_r
 .text.__sflush_r
                0x0800da0c      0x108 C:/ST/STM32CubeIDE_1.19.0/STM32CubeIDE/plugins/com.st.stm32cube.ide.mcu.externaltools.gnu-tools-for-stm32.13.3.rel1.win32_1.0.0.202411081344/tools/bin/../lib/gcc/arm-none-eabi/13.3.1/../../../../arm-none-eabi/lib/thumb/v7e-m+fp/hard\libc_nano.a(libc_a-fflush.o)
                0x0800da0c                __sflush_r
 .text._fflush_r
                0x0800db14       0x50 C:/ST/STM32CubeIDE_1.19.0/STM32CubeIDE/plugins/com.st.stm32cube.ide.mcu.externaltools.gnu-tools-for-stm32.13.3.rel1.win32_1.0.0.202411081344/tools/bin/../lib/gcc/arm-none-eabi/13.3.1/../../../../arm-none-eabi/lib/thumb/v7e-m+fp/hard\libc_nano.a(libc_a-fflush.o)
                0x0800db14                _fflush_r
 .text.memmove  0x0800db64       0x34 C:/ST/STM32CubeIDE_1.19.0/STM32CubeIDE/plugins/com.st.stm32cube.ide.mcu.externaltools.gnu-tools-for-stm32.13.3.rel1.win32_1.0.0.202411081344/tools/bin/../lib/gcc/arm-none-eabi/13.3.1/../../../../arm-none-eabi/lib/thumb/v7e-m+fp/hard\libc_nano.a(libc_a-memmove.o)
                0x0800db64                memmove
 .text.nan      0x0800db98       0x10 C:/ST/STM32CubeIDE_1.19.0/STM32CubeIDE/plugins/com.st.stm32cube.ide.mcu.externaltools.gnu-tools-for-stm32.13.3.rel1.win32_1.0.0.202411081344/tools/bin/../lib/gcc/arm-none-eabi/13.3.1/../../../../arm-none-eabi/lib/thumb/v7e-m+fp/hard\libc_nano.a(libm_a-s_nan.o)
                0x0800db98                nan
 .text.__assert_func
                0x0800dba8       0x3c C:/ST/STM32CubeIDE_1.19.0/STM32CubeIDE/plugins/com.st.stm32cube.ide.mcu.externaltools.gnu-tools-for-stm32.13.3.rel1.win32_1.0.0.202411081344/tools/bin/../lib/gcc/arm-none-eabi/13.3.1/../../../../arm-none-eabi/lib/thumb/v7e-m+fp/hard\libc_nano.a(libc_a-assert.o)
                0x0800dba8                __assert_func
 .text._calloc_r
                0x0800dbe4       0x28 C:/ST/STM32CubeIDE_1.19.0/STM32CubeIDE/plugins/com.st.stm32cube.ide.mcu.externaltools.gnu-tools-for-stm32.13.3.rel1.win32_1.0.0.202411081344/tools/bin/../lib/gcc/arm-none-eabi/13.3.1/../../../../arm-none-eabi/lib/thumb/v7e-m+fp/hard\libc_nano.a(libc_a-callocr.o)
                0x0800dbe4                _calloc_r
 .text.rshift   0x0800dc0c       0xa4 C:/ST/STM32CubeIDE_1.19.0/STM32CubeIDE/plugins/com.st.stm32cube.ide.mcu.externaltools.gnu-tools-for-stm32.13.3.rel1.win32_1.0.0.202411081344/tools/bin/../lib/gcc/arm-none-eabi/13.3.1/../../../../arm-none-eabi/lib/thumb/v7e-m+fp/hard\libc_nano.a(libc_a-gdtoa-gethex.o)
 .text.__hexdig_fun
                0x0800dcb0       0x2a C:/ST/STM32CubeIDE_1.19.0/STM32CubeIDE/plugins/com.st.stm32cube.ide.mcu.externaltools.gnu-tools-for-stm32.13.3.rel1.win32_1.0.0.202411081344/tools/bin/../lib/gcc/arm-none-eabi/13.3.1/../../../../arm-none-eabi/lib/thumb/v7e-m+fp/hard\libc_nano.a(libc_a-gdtoa-gethex.o)
                0x0800dcb0                __hexdig_fun
 *fill*         0x0800dcda        0x2 
 .text.__gethex
                0x0800dcdc      0x420 C:/ST/STM32CubeIDE_1.19.0/STM32CubeIDE/plugins/com.st.stm32cube.ide.mcu.externaltools.gnu-tools-for-stm32.13.3.rel1.win32_1.0.0.202411081344/tools/bin/../lib/gcc/arm-none-eabi/13.3.1/../../../../arm-none-eabi/lib/thumb/v7e-m+fp/hard\libc_nano.a(libc_a-gdtoa-gethex.o)
                0x0800dcdc                __gethex
 .text.L_shift  0x0800e0fc       0x24 C:/ST/STM32CubeIDE_1.19.0/STM32CubeIDE/plugins/com.st.stm32cube.ide.mcu.externaltools.gnu-tools-for-stm32.13.3.rel1.win32_1.0.0.202411081344/tools/bin/../lib/gcc/arm-none-eabi/13.3.1/../../../../arm-none-eabi/lib/thumb/v7e-m+fp/hard\libc_nano.a(libc_a-gdtoa-hexnan.o)
 .text.__match  0x0800e120       0x28 C:/ST/STM32CubeIDE_1.19.0/STM32CubeIDE/plugins/com.st.stm32cube.ide.mcu.externaltools.gnu-tools-for-stm32.13.3.rel1.win32_1.0.0.202411081344/tools/bin/../lib/gcc/arm-none-eabi/13.3.1/../../../../arm-none-eabi/lib/thumb/v7e-m+fp/hard\libc_nano.a(libc_a-gdtoa-hexnan.o)
                0x0800e120                __match
 .text.__hexnan
                0x0800e148      0x136 C:/ST/STM32CubeIDE_1.19.0/STM32CubeIDE/plugins/com.st.stm32cube.ide.mcu.externaltools.gnu-tools-for-stm32.13.3.rel1.win32_1.0.0.202411081344/tools/bin/../lib/gcc/arm-none-eabi/13.3.1/../../../../arm-none-eabi/lib/thumb/v7e-m+fp/hard\libc_nano.a(libc_a-gdtoa-hexnan.o)
                0x0800e148                __hexnan
 .text.__ascii_mbtowc
                0x0800e27e       0x24 C:/ST/STM32CubeIDE_1.19.0/STM32CubeIDE/plugins/com.st.stm32cube.ide.mcu.externaltools.gnu-tools-for-stm32.13.3.rel1.win32_1.0.0.202411081344/tools/bin/../lib/gcc/arm-none-eabi/13.3.1/../../../../arm-none-eabi/lib/thumb/v7e-m+fp/hard\libc_nano.a(libc_a-mbtowc_r.o)
                0x0800e27e                __ascii_mbtowc
 .text._realloc_r
                0x0800e2a2       0x5c C:/ST/STM32CubeIDE_1.19.0/STM32CubeIDE/plugins/com.st.stm32cube.ide.mcu.externaltools.gnu-tools-for-stm32.13.3.rel1.win32_1.0.0.202411081344/tools/bin/../lib/gcc/arm-none-eabi/13.3.1/../../../../arm-none-eabi/lib/thumb/v7e-m+fp/hard\libc_nano.a(libc_a-reallocr.o)
                0x0800e2a2                _realloc_r
 .text.__ascii_wctomb
                0x0800e2fe       0x1a C:/ST/STM32CubeIDE_1.19.0/STM32CubeIDE/plugins/com.st.stm32cube.ide.mcu.externaltools.gnu-tools-for-stm32.13.3.rel1.win32_1.0.0.202411081344/tools/bin/../lib/gcc/arm-none-eabi/13.3.1/../../../../arm-none-eabi/lib/thumb/v7e-m+fp/hard\libc_nano.a(libc_a-wctomb_r.o)